<?xml version="1.0"?>
<link_info>
   <banner>TMS320C55x Linker Unix v4.4.1</banner>
   <copyright>Copyright (c) 1996-2012 Texas Instruments Incorporated</copyright>
   <link_time>0x63366c1f</link_time>
   <output_file>Hello_World.out</output_file>
   <entry_point>
      <name>_c_int00</name>
      <address>0x3f3b</address>
   </entry_point>
   <input_file_list>
      <input_file id="fl-2">
         <path>./</path>
         <kind>object</kind>
         <file>main.obj</file>
         <name>main.obj</name>
      </input_file>
      <input_file id="fl-19">
         <path>/opt/ti/ccsv6/tools/compiler/c5500_4.4.1/lib/</path>
         <kind>archive</kind>
         <file>rts55x.lib</file>
         <name>boot.obj</name>
      </input_file>
      <input_file id="fl-1a">
         <path>/opt/ti/ccsv6/tools/compiler/c5500_4.4.1/lib/</path>
         <kind>archive</kind>
         <file>rts55x.lib</file>
         <name>exit.obj</name>
      </input_file>
      <input_file id="fl-1b">
         <path>/opt/ti/ccsv6/tools/compiler/c5500_4.4.1/lib/</path>
         <kind>archive</kind>
         <file>rts55x.lib</file>
         <name>printf.obj</name>
      </input_file>
      <input_file id="fl-1c">
         <path>/opt/ti/ccsv6/tools/compiler/c5500_4.4.1/lib/</path>
         <kind>archive</kind>
         <file>rts55x.lib</file>
         <name>vectors.obj</name>
      </input_file>
      <input_file id="fl-1d">
         <path>/opt/ti/ccsv6/tools/compiler/c5500_4.4.1/lib/</path>
         <kind>archive</kind>
         <file>rts55x.lib</file>
         <name>_lock.obj</name>
      </input_file>
      <input_file id="fl-1e">
         <path>/opt/ti/ccsv6/tools/compiler/c5500_4.4.1/lib/</path>
         <kind>archive</kind>
         <file>rts55x.lib</file>
         <name>_printfi.obj</name>
      </input_file>
      <input_file id="fl-1f">
         <path>/opt/ti/ccsv6/tools/compiler/c5500_4.4.1/lib/</path>
         <kind>archive</kind>
         <file>rts55x.lib</file>
         <name>args_main.obj</name>
      </input_file>
      <input_file id="fl-20">
         <path>/opt/ti/ccsv6/tools/compiler/c5500_4.4.1/lib/</path>
         <kind>archive</kind>
         <file>rts55x.lib</file>
         <name>atoi.obj</name>
      </input_file>
      <input_file id="fl-21">
         <path>/opt/ti/ccsv6/tools/compiler/c5500_4.4.1/lib/</path>
         <kind>archive</kind>
         <file>rts55x.lib</file>
         <name>autoinit.obj</name>
      </input_file>
      <input_file id="fl-22">
         <path>/opt/ti/ccsv6/tools/compiler/c5500_4.4.1/lib/</path>
         <kind>archive</kind>
         <file>rts55x.lib</file>
         <name>cmpd.obj</name>
      </input_file>
      <input_file id="fl-23">
         <path>/opt/ti/ccsv6/tools/compiler/c5500_4.4.1/lib/</path>
         <kind>archive</kind>
         <file>rts55x.lib</file>
         <name>ctype.obj</name>
      </input_file>
      <input_file id="fl-24">
         <path>/opt/ti/ccsv6/tools/compiler/c5500_4.4.1/lib/</path>
         <kind>archive</kind>
         <file>rts55x.lib</file>
         <name>defs.obj</name>
      </input_file>
      <input_file id="fl-25">
         <path>/opt/ti/ccsv6/tools/compiler/c5500_4.4.1/lib/</path>
         <kind>archive</kind>
         <file>rts55x.lib</file>
         <name>divd.obj</name>
      </input_file>
      <input_file id="fl-26">
         <path>/opt/ti/ccsv6/tools/compiler/c5500_4.4.1/lib/</path>
         <kind>archive</kind>
         <file>rts55x.lib</file>
         <name>divul.obj</name>
      </input_file>
      <input_file id="fl-27">
         <path>/opt/ti/ccsv6/tools/compiler/c5500_4.4.1/lib/</path>
         <kind>archive</kind>
         <file>rts55x.lib</file>
         <name>fixdi.obj</name>
      </input_file>
      <input_file id="fl-28">
         <path>/opt/ti/ccsv6/tools/compiler/c5500_4.4.1/lib/</path>
         <kind>archive</kind>
         <file>rts55x.lib</file>
         <name>fixdli.obj</name>
      </input_file>
      <input_file id="fl-29">
         <path>/opt/ti/ccsv6/tools/compiler/c5500_4.4.1/lib/</path>
         <kind>archive</kind>
         <file>rts55x.lib</file>
         <name>fltlid.obj</name>
      </input_file>
      <input_file id="fl-2a">
         <path>/opt/ti/ccsv6/tools/compiler/c5500_4.4.1/lib/</path>
         <kind>archive</kind>
         <file>rts55x.lib</file>
         <name>fputc.obj</name>
      </input_file>
      <input_file id="fl-2b">
         <path>/opt/ti/ccsv6/tools/compiler/c5500_4.4.1/lib/</path>
         <kind>archive</kind>
         <file>rts55x.lib</file>
         <name>fputs.obj</name>
      </input_file>
      <input_file id="fl-2c">
         <path>/opt/ti/ccsv6/tools/compiler/c5500_4.4.1/lib/</path>
         <kind>archive</kind>
         <file>rts55x.lib</file>
         <name>frcmpyd_div.obj</name>
      </input_file>
      <input_file id="fl-2d">
         <path>/opt/ti/ccsv6/tools/compiler/c5500_4.4.1/lib/</path>
         <kind>archive</kind>
         <file>rts55x.lib</file>
         <name>isinf.obj</name>
      </input_file>
      <input_file id="fl-2e">
         <path>/opt/ti/ccsv6/tools/compiler/c5500_4.4.1/lib/</path>
         <kind>archive</kind>
         <file>rts55x.lib</file>
         <name>llmpy.obj</name>
      </input_file>
      <input_file id="fl-2f">
         <path>/opt/ti/ccsv6/tools/compiler/c5500_4.4.1/lib/</path>
         <kind>archive</kind>
         <file>rts55x.lib</file>
         <name>lmpy.obj</name>
      </input_file>
      <input_file id="fl-30">
         <path>/opt/ti/ccsv6/tools/compiler/c5500_4.4.1/lib/</path>
         <kind>archive</kind>
         <file>rts55x.lib</file>
         <name>lowlev.obj</name>
      </input_file>
      <input_file id="fl-31">
         <path>/opt/ti/ccsv6/tools/compiler/c5500_4.4.1/lib/</path>
         <kind>archive</kind>
         <file>rts55x.lib</file>
         <name>ltoa.obj</name>
      </input_file>
      <input_file id="fl-32">
         <path>/opt/ti/ccsv6/tools/compiler/c5500_4.4.1/lib/</path>
         <kind>archive</kind>
         <file>rts55x.lib</file>
         <name>memccpy.obj</name>
      </input_file>
      <input_file id="fl-33">
         <path>/opt/ti/ccsv6/tools/compiler/c5500_4.4.1/lib/</path>
         <kind>archive</kind>
         <file>rts55x.lib</file>
         <name>memcpy.obj</name>
      </input_file>
      <input_file id="fl-34">
         <path>/opt/ti/ccsv6/tools/compiler/c5500_4.4.1/lib/</path>
         <kind>archive</kind>
         <file>rts55x.lib</file>
         <name>mpyd.obj</name>
      </input_file>
      <input_file id="fl-35">
         <path>/opt/ti/ccsv6/tools/compiler/c5500_4.4.1/lib/</path>
         <kind>archive</kind>
         <file>rts55x.lib</file>
         <name>negd.obj</name>
      </input_file>
      <input_file id="fl-36">
         <path>/opt/ti/ccsv6/tools/compiler/c5500_4.4.1/lib/</path>
         <kind>archive</kind>
         <file>rts55x.lib</file>
         <name>remli.obj</name>
      </input_file>
      <input_file id="fl-37">
         <path>/opt/ti/ccsv6/tools/compiler/c5500_4.4.1/lib/</path>
         <kind>archive</kind>
         <file>rts55x.lib</file>
         <name>remul.obj</name>
      </input_file>
      <input_file id="fl-38">
         <path>/opt/ti/ccsv6/tools/compiler/c5500_4.4.1/lib/</path>
         <kind>archive</kind>
         <file>rts55x.lib</file>
         <name>subd.obj</name>
      </input_file>
      <input_file id="fl-39">
         <path>/opt/ti/ccsv6/tools/compiler/c5500_4.4.1/lib/</path>
         <kind>archive</kind>
         <file>rts55x.lib</file>
         <name>trgdrv.obj</name>
      </input_file>
      <input_file id="fl-3a">
         <path>/opt/ti/ccsv6/tools/compiler/c5500_4.4.1/lib/</path>
         <kind>archive</kind>
         <file>rts55x.lib</file>
         <name>trgmsg.obj</name>
      </input_file>
      <input_file id="fl-3b">
         <path>/opt/ti/ccsv6/tools/compiler/c5500_4.4.1/lib/</path>
         <kind>archive</kind>
         <file>rts55x.lib</file>
         <name>udiv.obj</name>
      </input_file>
      <input_file id="fl-3c">
         <path>/opt/ti/ccsv6/tools/compiler/c5500_4.4.1/lib/</path>
         <kind>archive</kind>
         <file>rts55x.lib</file>
         <name>_io_perm.obj</name>
      </input_file>
      <input_file id="fl-3d">
         <path>/opt/ti/ccsv6/tools/compiler/c5500_4.4.1/lib/</path>
         <kind>archive</kind>
         <file>rts55x.lib</file>
         <name>addd.obj</name>
      </input_file>
      <input_file id="fl-3e">
         <path>/opt/ti/ccsv6/tools/compiler/c5500_4.4.1/lib/</path>
         <kind>archive</kind>
         <file>rts55x.lib</file>
         <name>divli.obj</name>
      </input_file>
      <input_file id="fl-3f">
         <path>/opt/ti/ccsv6/tools/compiler/c5500_4.4.1/lib/</path>
         <kind>archive</kind>
         <file>rts55x.lib</file>
         <name>fflush.obj</name>
      </input_file>
      <input_file id="fl-40">
         <path>/opt/ti/ccsv6/tools/compiler/c5500_4.4.1/lib/</path>
         <kind>archive</kind>
         <file>rts55x.lib</file>
         <name>frcmpyd.obj</name>
      </input_file>
      <input_file id="fl-41">
         <path>/opt/ti/ccsv6/tools/compiler/c5500_4.4.1/lib/</path>
         <kind>archive</kind>
         <file>rts55x.lib</file>
         <name>fseek.obj</name>
      </input_file>
      <input_file id="fl-42">
         <path>/opt/ti/ccsv6/tools/compiler/c5500_4.4.1/lib/</path>
         <kind>archive</kind>
         <file>rts55x.lib</file>
         <name>setvbuf.obj</name>
      </input_file>
      <input_file id="fl-43">
         <path>/opt/ti/ccsv6/tools/compiler/c5500_4.4.1/lib/</path>
         <kind>archive</kind>
         <file>rts55x.lib</file>
         <name>fopen.obj</name>
      </input_file>
      <input_file id="fl-44">
         <path>/opt/ti/ccsv6/tools/compiler/c5500_4.4.1/lib/</path>
         <kind>archive</kind>
         <file>rts55x.lib</file>
         <name>memory.obj</name>
      </input_file>
      <input_file id="fl-45">
         <path>/opt/ti/ccsv6/tools/compiler/c5500_4.4.1/lib/</path>
         <kind>archive</kind>
         <file>rts55x.lib</file>
         <name>fclose.obj</name>
      </input_file>
      <input_file id="fl-46">
         <path>/opt/ti/ccsv6/tools/compiler/c5500_4.4.1/lib/</path>
         <kind>archive</kind>
         <file>rts55x.lib</file>
         <name>remove.obj</name>
      </input_file>
   </input_file_list>
   <object_component_list>
      <object_component id="oc-23">
         <name>vectors</name>
         <load_address>0xffff00</load_address>
         <run_address>0xffff00</run_address>
         <size>0x100</size>
         <input_file_ref idref="fl-1c"/>
      </object_component>
      <object_component id="oc-7a">
         <name>.cinit</name>
         <load_address>0x9a0</load_address>
         <run_address>0x9a0</run_address>
         <size>0x5a</size>
         <input_file_ref idref="fl-30"/>
      </object_component>
      <object_component id="oc-47">
         <name>.cinit</name>
         <load_address>0x9fa</load_address>
         <run_address>0x9fa</run_address>
         <size>0x54</size>
         <input_file_ref idref="fl-24"/>
      </object_component>
      <object_component id="oc-2a">
         <name>.cinit</name>
         <load_address>0xa4e</load_address>
         <run_address>0xa4e</run_address>
         <size>0x14</size>
         <input_file_ref idref="fl-1d"/>
      </object_component>
      <object_component id="oc-1a">
         <name>.cinit</name>
         <load_address>0xa62</load_address>
         <run_address>0xa62</run_address>
         <size>0x14</size>
         <input_file_ref idref="fl-1a"/>
      </object_component>
      <object_component id="oc-cb">
         <name>.cinit</name>
         <load_address>0xa76</load_address>
         <run_address>0xa76</run_address>
         <size>0x8</size>
         <input_file_ref idref="fl-43"/>
      </object_component>
      <object_component id="oc-d1">
         <name>.cinit</name>
         <load_address>0xa7e</load_address>
         <run_address>0xa7e</run_address>
         <size>0x8</size>
         <input_file_ref idref="fl-44"/>
      </object_component>
      <object_component id="oc-c">
         <name>.text</name>
         <load_address>0x3f3b</load_address>
         <run_address>0x3f3b</run_address>
         <size>0x34</size>
         <input_file_ref idref="fl-19"/>
      </object_component>
      <object_component id="oc-d">
         <name>.text</name>
         <load_address>0x4000</load_address>
         <run_address>0x4000</run_address>
         <size>0x18</size>
         <input_file_ref idref="fl-2"/>
      </object_component>
      <object_component id="oc-17">
         <name>.text</name>
         <load_address>0x3efd</load_address>
         <run_address>0x3efd</run_address>
         <size>0x3e</size>
         <input_file_ref idref="fl-1a"/>
      </object_component>
      <object_component id="oc-1b">
         <name>.text:CIO_breakpoint</name>
         <load_address>0x406b</load_address>
         <run_address>0x406b</run_address>
         <size>0x7</size>
         <input_file_ref idref="fl-1a"/>
      </object_component>
      <object_component id="oc-1e">
         <name>.text</name>
         <load_address>0x3d43</load_address>
         <run_address>0x3d43</run_address>
         <size>0x50</size>
         <input_file_ref idref="fl-1b"/>
      </object_component>
      <object_component id="oc-22">
         <name>.text</name>
         <load_address>0x4072</load_address>
         <run_address>0x4072</run_address>
         <size>0x2</size>
         <input_file_ref idref="fl-1c"/>
      </object_component>
      <object_component id="oc-27">
         <name>.text</name>
         <load_address>0x403f</load_address>
         <run_address>0x403f</run_address>
         <size>0x12</size>
         <input_file_ref idref="fl-1d"/>
      </object_component>
      <object_component id="oc-2d">
         <name>.text</name>
         <load_address>0x0</load_address>
         <run_address>0x0</run_address>
         <size>0x15a4</size>
         <input_file_ref idref="fl-1e"/>
      </object_component>
      <object_component id="oc-33">
         <name>.text</name>
         <load_address>0x3de0</load_address>
         <run_address>0x3de0</run_address>
         <size>0x4b</size>
         <input_file_ref idref="fl-1f"/>
      </object_component>
      <object_component id="oc-37">
         <name>.text</name>
         <load_address>0x3ce7</load_address>
         <run_address>0x3ce7</run_address>
         <size>0x5c</size>
         <input_file_ref idref="fl-20"/>
      </object_component>
      <object_component id="oc-3b">
         <name>.text</name>
         <load_address>0x3d93</load_address>
         <run_address>0x3d93</run_address>
         <size>0x4d</size>
         <input_file_ref idref="fl-21"/>
      </object_component>
      <object_component id="oc-3f">
         <name>.text</name>
         <load_address>0x2fc7</load_address>
         <run_address>0x2fc7</run_address>
         <size>0x1ea</size>
         <input_file_ref idref="fl-22"/>
      </object_component>
      <object_component id="oc-49">
         <name>.text</name>
         <load_address>0x24c4</load_address>
         <run_address>0x24c4</run_address>
         <size>0x3cc</size>
         <input_file_ref idref="fl-25"/>
      </object_component>
      <object_component id="oc-4d">
         <name>.text</name>
         <load_address>0x3845</load_address>
         <run_address>0x3845</run_address>
         <size>0xa1</size>
         <input_file_ref idref="fl-26"/>
      </object_component>
      <object_component id="oc-51">
         <name>.text</name>
         <load_address>0x3f6f</load_address>
         <run_address>0x3f6f</run_address>
         <size>0x2a</size>
         <input_file_ref idref="fl-27"/>
      </object_component>
      <object_component id="oc-55">
         <name>.text</name>
         <load_address>0x3b39</load_address>
         <run_address>0x3b39</run_address>
         <size>0x6f</size>
         <input_file_ref idref="fl-28"/>
      </object_component>
      <object_component id="oc-59">
         <name>.text</name>
         <load_address>0x3c80</load_address>
         <run_address>0x3c80</run_address>
         <size>0x67</size>
         <input_file_ref idref="fl-29"/>
      </object_component>
      <object_component id="oc-5e">
         <name>.text</name>
         <load_address>0x379f</load_address>
         <run_address>0x379f</run_address>
         <size>0xa6</size>
         <input_file_ref idref="fl-2a"/>
      </object_component>
      <object_component id="oc-62">
         <name>.text</name>
         <load_address>0x31b1</load_address>
         <run_address>0x31b1</run_address>
         <size>0x163</size>
         <input_file_ref idref="fl-2b"/>
      </object_component>
      <object_component id="oc-67">
         <name>.text</name>
         <load_address>0x3a54</load_address>
         <run_address>0x3a54</run_address>
         <size>0x73</size>
         <input_file_ref idref="fl-2c"/>
      </object_component>
      <object_component id="oc-6b">
         <name>.text</name>
         <load_address>0x3fe6</load_address>
         <run_address>0x3fe6</run_address>
         <size>0x1a</size>
         <input_file_ref idref="fl-2d"/>
      </object_component>
      <object_component id="oc-6f">
         <name>.text</name>
         <load_address>0x2b0f</load_address>
         <run_address>0x2b0f</run_address>
         <size>0x25e</size>
         <input_file_ref idref="fl-2e"/>
      </object_component>
      <object_component id="oc-73">
         <name>.text</name>
         <load_address>0x402c</load_address>
         <run_address>0x402c</run_address>
         <size>0x13</size>
         <input_file_ref idref="fl-2f"/>
      </object_component>
      <object_component id="oc-77">
         <name>.text</name>
         <load_address>0x15a4</load_address>
         <run_address>0x15a4</run_address>
         <size>0x543</size>
         <input_file_ref idref="fl-30"/>
      </object_component>
      <object_component id="oc-7d">
         <name>.text</name>
         <load_address>0x38e6</load_address>
         <run_address>0x38e6</run_address>
         <size>0x7d</size>
         <input_file_ref idref="fl-31"/>
      </object_component>
      <object_component id="oc-81">
         <name>.text</name>
         <load_address>0x3fc3</load_address>
         <run_address>0x3fc3</run_address>
         <size>0x23</size>
         <input_file_ref idref="fl-32"/>
      </object_component>
      <object_component id="oc-85">
         <name>.text</name>
         <load_address>0x3ebe</load_address>
         <run_address>0x3ebe</run_address>
         <size>0x3f</size>
         <input_file_ref idref="fl-33"/>
      </object_component>
      <object_component id="oc-89">
         <name>.text</name>
         <load_address>0x3314</load_address>
         <run_address>0x3314</run_address>
         <size>0x14c</size>
         <input_file_ref idref="fl-34"/>
      </object_component>
      <object_component id="oc-8d">
         <name>.text</name>
         <load_address>0x4051</load_address>
         <run_address>0x4051</run_address>
         <size>0x10</size>
         <input_file_ref idref="fl-35"/>
      </object_component>
      <object_component id="oc-91">
         <name>.text</name>
         <load_address>0x3e2b</load_address>
         <run_address>0x3e2b</run_address>
         <size>0x4b</size>
         <input_file_ref idref="fl-36"/>
      </object_component>
      <object_component id="oc-95">
         <name>.text</name>
         <load_address>0x3ac7</load_address>
         <run_address>0x3ac7</run_address>
         <size>0x72</size>
         <input_file_ref idref="fl-37"/>
      </object_component>
      <object_component id="oc-99">
         <name>.text</name>
         <load_address>0x4018</load_address>
         <run_address>0x4018</run_address>
         <size>0x14</size>
         <input_file_ref idref="fl-38"/>
      </object_component>
      <object_component id="oc-9d">
         <name>.text</name>
         <load_address>0x1ae7</load_address>
         <run_address>0x1ae7</run_address>
         <size>0x528</size>
         <input_file_ref idref="fl-39"/>
      </object_component>
      <object_component id="oc-a2">
         <name>.text</name>
         <load_address>0x3ba8</load_address>
         <run_address>0x3ba8</run_address>
         <size>0x6d</size>
         <input_file_ref idref="fl-3a"/>
      </object_component>
      <object_component id="oc-a5">
         <name>.text:CIO_breakpoint</name>
         <load_address>0x36e5</load_address>
         <run_address>0x36e5</run_address>
         <size>0xba</size>
         <input_file_ref idref="fl-3a"/>
      </object_component>
      <object_component id="oc-a8">
         <name>.text</name>
         <load_address>0x3f99</load_address>
         <run_address>0x3f99</run_address>
         <size>0x2a</size>
         <input_file_ref idref="fl-3b"/>
      </object_component>
      <object_component id="oc-ac">
         <name>.text</name>
         <load_address>0x3546</load_address>
         <run_address>0x3546</run_address>
         <size>0xdd</size>
         <input_file_ref idref="fl-3c"/>
      </object_component>
      <object_component id="oc-b0">
         <name>.text</name>
         <load_address>0x2d6d</load_address>
         <run_address>0x2d6d</run_address>
         <size>0x25a</size>
         <input_file_ref idref="fl-3d"/>
      </object_component>
      <object_component id="oc-b4">
         <name>.text</name>
         <load_address>0x3e76</load_address>
         <run_address>0x3e76</run_address>
         <size>0x48</size>
         <input_file_ref idref="fl-3e"/>
      </object_component>
      <object_component id="oc-b8">
         <name>.text</name>
         <load_address>0x3623</load_address>
         <run_address>0x3623</run_address>
         <size>0xc2</size>
         <input_file_ref idref="fl-3f"/>
      </object_component>
      <object_component id="oc-bc">
         <name>.text</name>
         <load_address>0x39de</load_address>
         <run_address>0x39de</run_address>
         <size>0x76</size>
         <input_file_ref idref="fl-40"/>
      </object_component>
      <object_component id="oc-c0">
         <name>.text</name>
         <load_address>0x3c15</load_address>
         <run_address>0x3c15</run_address>
         <size>0x6b</size>
         <input_file_ref idref="fl-41"/>
      </object_component>
      <object_component id="oc-c4">
         <name>.text</name>
         <load_address>0x3460</load_address>
         <run_address>0x3460</run_address>
         <size>0xe6</size>
         <input_file_ref idref="fl-42"/>
      </object_component>
      <object_component id="oc-c8">
         <name>.text</name>
         <load_address>0x2890</load_address>
         <run_address>0x2890</run_address>
         <size>0x27f</size>
         <input_file_ref idref="fl-43"/>
      </object_component>
      <object_component id="oc-ce">
         <name>.text</name>
         <load_address>0x200f</load_address>
         <run_address>0x200f</run_address>
         <size>0x4b5</size>
         <input_file_ref idref="fl-44"/>
      </object_component>
      <object_component id="oc-d5">
         <name>.text</name>
         <load_address>0x3963</load_address>
         <run_address>0x3963</run_address>
         <size>0x7b</size>
         <input_file_ref idref="fl-45"/>
      </object_component>
      <object_component id="oc-d9">
         <name>.text</name>
         <load_address>0x4061</load_address>
         <run_address>0x4061</run_address>
         <size>0xa</size>
         <input_file_ref idref="fl-46"/>
      </object_component>
      <object_component id="oc-13">
         <name>.stack</name>
         <uninitialized>true</uninitialized>
         <run_address>0x5a0</run_address>
         <size>0x0</size>
         <input_file_ref idref="fl-19"/>
      </object_component>
      <object_component id="oc-f3">
         <name>.stack</name>
         <uninitialized>true</uninitialized>
         <run_address>0x5a0</run_address>
         <size>0x0</size>
      </object_component>
      <object_component id="oc-dd">
         <name>.sysstack</name>
         <uninitialized>true</uninitialized>
         <run_address>0x7a0</run_address>
         <size>0x0</size>
         <input_file_ref idref="fl-19"/>
      </object_component>
      <object_component id="oc-f5">
         <name>.sysstack</name>
         <uninitialized>true</uninitialized>
         <run_address>0x7a0</run_address>
         <size>0x0</size>
      </object_component>
      <object_component id="oc-d2">
         <name>.sysmem</name>
         <uninitialized>true</uninitialized>
         <run_address>0x8000</run_address>
         <size>0x0</size>
         <input_file_ref idref="fl-44"/>
      </object_component>
      <object_component id="oc-f4">
         <name>.sysmem</name>
         <uninitialized>true</uninitialized>
         <run_address>0x8000</run_address>
         <size>0x0</size>
      </object_component>
      <object_component id="oc-a4">
         <name>.cio</name>
         <uninitialized>true</uninitialized>
         <run_address>0x360</run_address>
         <size>0x240</size>
         <input_file_ref idref="fl-3a"/>
      </object_component>
      <object_component id="oc-18">
         <name>.bss</name>
         <uninitialized>true</uninitialized>
         <run_address>0xa4cc</run_address>
         <size>0x8</size>
         <input_file_ref idref="fl-1a"/>
      </object_component>
      <object_component id="oc-28">
         <name>.bss</name>
         <uninitialized>true</uninitialized>
         <run_address>0xa4c4</run_address>
         <size>0x8</size>
         <input_file_ref idref="fl-1d"/>
      </object_component>
      <object_component id="oc-45">
         <name>.bss</name>
         <uninitialized>true</uninitialized>
         <run_address>0xa000</run_address>
         <size>0x232</size>
         <input_file_ref idref="fl-24"/>
      </object_component>
      <object_component id="oc-78">
         <name>.bss</name>
         <uninitialized>true</uninitialized>
         <run_address>0xa3d4</run_address>
         <size>0xe2</size>
         <input_file_ref idref="fl-30"/>
      </object_component>
      <object_component id="oc-9e">
         <name>.bss</name>
         <uninitialized>true</uninitialized>
         <run_address>0xa232</run_address>
         <size>0x1a0</size>
         <input_file_ref idref="fl-39"/>
      </object_component>
      <object_component id="oc-c9">
         <name>.bss</name>
         <uninitialized>true</uninitialized>
         <run_address>0xa3d2</run_address>
         <size>0x2</size>
         <input_file_ref idref="fl-43"/>
      </object_component>
      <object_component id="oc-cf">
         <name>.bss</name>
         <uninitialized>true</uninitialized>
         <run_address>0xa4b8</run_address>
         <size>0xc</size>
         <input_file_ref idref="fl-44"/>
      </object_component>
      <object_component id="oc-de">
         <name>.const:__ctypes_</name>
         <load_address>0xc0</load_address>
         <run_address>0xc0</run_address>
         <size>0x202</size>
         <input_file_ref idref="fl-23"/>
      </object_component>
      <object_component id="oc-30">
         <name>.const:.string</name>
         <load_address>0x2c4</load_address>
         <run_address>0x2c4</run_address>
         <size>0x48</size>
         <input_file_ref idref="fl-1e"/>
      </object_component>
      <object_component id="oc-f">
         <name>.const:.string</name>
         <load_address>0x30c</load_address>
         <run_address>0x30c</run_address>
         <size>0x1e</size>
         <input_file_ref idref="fl-2"/>
      </object_component>
      <object_component id="oc-2f">
         <name>.const</name>
         <load_address>0x32c</load_address>
         <run_address>0x32c</run_address>
         <size>0x18</size>
         <input_file_ref idref="fl-1e"/>
      </object_component>
      <object_component id="oc-df">
         <name>.const:_initial_approx$1</name>
         <load_address>0x344</load_address>
         <run_address>0x344</run_address>
         <size>0x10</size>
         <input_file_ref idref="fl-25"/>
      </object_component>
      <object_component id="oc-64">
         <name>.const:.string</name>
         <load_address>0x354</load_address>
         <run_address>0x354</run_address>
         <size>0x4</size>
         <input_file_ref idref="fl-2b"/>
      </object_component>
      <object_component id="oc-5b">
         <name>.const</name>
         <load_address>0x358</load_address>
         <run_address>0x358</run_address>
         <size>0x4</size>
         <input_file_ref idref="fl-29"/>
      </object_component>
      <object_component id="oc-e">
         <name>.debug_info</name>
         <load_address>0x0</load_address>
         <run_address>0x0</run_address>
         <size>0x4ea</size>
         <input_file_ref idref="fl-2"/>
      </object_component>
      <object_component id="oc-14">
         <name>.debug_info</name>
         <load_address>0x4ea</load_address>
         <run_address>0x4ea</run_address>
         <size>0xe8</size>
         <input_file_ref idref="fl-19"/>
      </object_component>
      <object_component id="oc-19">
         <name>.debug_info</name>
         <load_address>0x5d2</load_address>
         <run_address>0x5d2</run_address>
         <size>0x5fb</size>
         <input_file_ref idref="fl-1a"/>
      </object_component>
      <object_component id="oc-1f">
         <name>.debug_info</name>
         <load_address>0xbcd</load_address>
         <run_address>0xbcd</run_address>
         <size>0x76c</size>
         <input_file_ref idref="fl-1b"/>
      </object_component>
      <object_component id="oc-24">
         <name>.debug_info</name>
         <load_address>0x1339</load_address>
         <run_address>0x1339</run_address>
         <size>0xbc</size>
         <input_file_ref idref="fl-1c"/>
      </object_component>
      <object_component id="oc-29">
         <name>.debug_info</name>
         <load_address>0x13f5</load_address>
         <run_address>0x13f5</run_address>
         <size>0x5bc</size>
         <input_file_ref idref="fl-1d"/>
      </object_component>
      <object_component id="oc-2e">
         <name>.debug_info</name>
         <load_address>0x19b1</load_address>
         <run_address>0x19b1</run_address>
         <size>0x27bd</size>
         <input_file_ref idref="fl-1e"/>
      </object_component>
      <object_component id="oc-34">
         <name>.debug_info</name>
         <load_address>0x416e</load_address>
         <run_address>0x416e</run_address>
         <size>0x586</size>
         <input_file_ref idref="fl-1f"/>
      </object_component>
      <object_component id="oc-38">
         <name>.debug_info</name>
         <load_address>0x46f4</load_address>
         <run_address>0x46f4</run_address>
         <size>0x5a4</size>
         <input_file_ref idref="fl-20"/>
      </object_component>
      <object_component id="oc-3c">
         <name>.debug_info</name>
         <load_address>0x4c98</load_address>
         <run_address>0x4c98</run_address>
         <size>0xcd</size>
         <input_file_ref idref="fl-21"/>
      </object_component>
      <object_component id="oc-40">
         <name>.debug_info</name>
         <load_address>0x4d65</load_address>
         <run_address>0x4d65</run_address>
         <size>0x81f</size>
         <input_file_ref idref="fl-22"/>
      </object_component>
      <object_component id="oc-43">
         <name>.debug_info</name>
         <load_address>0x5584</load_address>
         <run_address>0x5584</run_address>
         <size>0x498</size>
         <input_file_ref idref="fl-23"/>
      </object_component>
      <object_component id="oc-46">
         <name>.debug_info</name>
         <load_address>0x5a1c</load_address>
         <run_address>0x5a1c</run_address>
         <size>0x57e</size>
         <input_file_ref idref="fl-24"/>
      </object_component>
      <object_component id="oc-4a">
         <name>.debug_info</name>
         <load_address>0x5f9a</load_address>
         <run_address>0x5f9a</run_address>
         <size>0x7e8</size>
         <input_file_ref idref="fl-25"/>
      </object_component>
      <object_component id="oc-4e">
         <name>.debug_info</name>
         <load_address>0x6782</load_address>
         <run_address>0x6782</run_address>
         <size>0x534</size>
         <input_file_ref idref="fl-26"/>
      </object_component>
      <object_component id="oc-52">
         <name>.debug_info</name>
         <load_address>0x6cb6</load_address>
         <run_address>0x6cb6</run_address>
         <size>0x4cf</size>
         <input_file_ref idref="fl-27"/>
      </object_component>
      <object_component id="oc-56">
         <name>.debug_info</name>
         <load_address>0x7185</load_address>
         <run_address>0x7185</run_address>
         <size>0x534</size>
         <input_file_ref idref="fl-28"/>
      </object_component>
      <object_component id="oc-5a">
         <name>.debug_info</name>
         <load_address>0x76b9</load_address>
         <run_address>0x76b9</run_address>
         <size>0x549</size>
         <input_file_ref idref="fl-29"/>
      </object_component>
      <object_component id="oc-5f">
         <name>.debug_info</name>
         <load_address>0x7c02</load_address>
         <run_address>0x7c02</run_address>
         <size>0x6aa</size>
         <input_file_ref idref="fl-2a"/>
      </object_component>
      <object_component id="oc-63">
         <name>.debug_info</name>
         <load_address>0x82ac</load_address>
         <run_address>0x82ac</run_address>
         <size>0x942</size>
         <input_file_ref idref="fl-2b"/>
      </object_component>
      <object_component id="oc-68">
         <name>.debug_info</name>
         <load_address>0x8bee</load_address>
         <run_address>0x8bee</run_address>
         <size>0x53e</size>
         <input_file_ref idref="fl-2c"/>
      </object_component>
      <object_component id="oc-6c">
         <name>.debug_info</name>
         <load_address>0x912c</load_address>
         <run_address>0x912c</run_address>
         <size>0x680</size>
         <input_file_ref idref="fl-2d"/>
      </object_component>
      <object_component id="oc-70">
         <name>.debug_info</name>
         <load_address>0x97ac</load_address>
         <run_address>0x97ac</run_address>
         <size>0x7d4</size>
         <input_file_ref idref="fl-2e"/>
      </object_component>
      <object_component id="oc-74">
         <name>.debug_info</name>
         <load_address>0x9f80</load_address>
         <run_address>0x9f80</run_address>
         <size>0xbd</size>
         <input_file_ref idref="fl-2f"/>
      </object_component>
      <object_component id="oc-79">
         <name>.debug_info</name>
         <load_address>0xa03d</load_address>
         <run_address>0xa03d</run_address>
         <size>0x144b</size>
         <input_file_ref idref="fl-30"/>
      </object_component>
      <object_component id="oc-7e">
         <name>.debug_info</name>
         <load_address>0xb488</load_address>
         <run_address>0xb488</run_address>
         <size>0x5ad</size>
         <input_file_ref idref="fl-31"/>
      </object_component>
      <object_component id="oc-82">
         <name>.debug_info</name>
         <load_address>0xba35</load_address>
         <run_address>0xba35</run_address>
         <size>0x574</size>
         <input_file_ref idref="fl-32"/>
      </object_component>
      <object_component id="oc-86">
         <name>.debug_info</name>
         <load_address>0xbfa9</load_address>
         <run_address>0xbfa9</run_address>
         <size>0xd1</size>
         <input_file_ref idref="fl-33"/>
      </object_component>
      <object_component id="oc-8a">
         <name>.debug_info</name>
         <load_address>0xc07a</load_address>
         <run_address>0xc07a</run_address>
         <size>0x55b</size>
         <input_file_ref idref="fl-34"/>
      </object_component>
      <object_component id="oc-8e">
         <name>.debug_info</name>
         <load_address>0xc5d5</load_address>
         <run_address>0xc5d5</run_address>
         <size>0x4b7</size>
         <input_file_ref idref="fl-35"/>
      </object_component>
      <object_component id="oc-92">
         <name>.debug_info</name>
         <load_address>0xca8c</load_address>
         <run_address>0xca8c</run_address>
         <size>0x4f2</size>
         <input_file_ref idref="fl-36"/>
      </object_component>
      <object_component id="oc-96">
         <name>.debug_info</name>
         <load_address>0xcf7e</load_address>
         <run_address>0xcf7e</run_address>
         <size>0x534</size>
         <input_file_ref idref="fl-37"/>
      </object_component>
      <object_component id="oc-9a">
         <name>.debug_info</name>
         <load_address>0xd4b2</load_address>
         <run_address>0xd4b2</run_address>
         <size>0x4de</size>
         <input_file_ref idref="fl-38"/>
      </object_component>
      <object_component id="oc-9f">
         <name>.debug_info</name>
         <load_address>0xd990</load_address>
         <run_address>0xd990</run_address>
         <size>0xed4</size>
         <input_file_ref idref="fl-39"/>
      </object_component>
      <object_component id="oc-a3">
         <name>.debug_info</name>
         <load_address>0xe864</load_address>
         <run_address>0xe864</run_address>
         <size>0x744</size>
         <input_file_ref idref="fl-3a"/>
      </object_component>
      <object_component id="oc-a9">
         <name>.debug_info</name>
         <load_address>0xefa8</load_address>
         <run_address>0xefa8</run_address>
         <size>0xef</size>
         <input_file_ref idref="fl-3b"/>
      </object_component>
      <object_component id="oc-ad">
         <name>.debug_info</name>
         <load_address>0xf097</load_address>
         <run_address>0xf097</run_address>
         <size>0x662</size>
         <input_file_ref idref="fl-3c"/>
      </object_component>
      <object_component id="oc-b1">
         <name>.debug_info</name>
         <load_address>0xf6f9</load_address>
         <run_address>0xf6f9</run_address>
         <size>0x5ab</size>
         <input_file_ref idref="fl-3d"/>
      </object_component>
      <object_component id="oc-b5">
         <name>.debug_info</name>
         <load_address>0xfca4</load_address>
         <run_address>0xfca4</run_address>
         <size>0x4f2</size>
         <input_file_ref idref="fl-3e"/>
      </object_component>
      <object_component id="oc-b9">
         <name>.debug_info</name>
         <load_address>0x10196</load_address>
         <run_address>0x10196</run_address>
         <size>0x706</size>
         <input_file_ref idref="fl-3f"/>
      </object_component>
      <object_component id="oc-bd">
         <name>.debug_info</name>
         <load_address>0x1089c</load_address>
         <run_address>0x1089c</run_address>
         <size>0x4d2</size>
         <input_file_ref idref="fl-40"/>
      </object_component>
      <object_component id="oc-c1">
         <name>.debug_info</name>
         <load_address>0x10d6e</load_address>
         <run_address>0x10d6e</run_address>
         <size>0x5f7</size>
         <input_file_ref idref="fl-41"/>
      </object_component>
      <object_component id="oc-c5">
         <name>.debug_info</name>
         <load_address>0x11365</load_address>
         <run_address>0x11365</run_address>
         <size>0x64a</size>
         <input_file_ref idref="fl-42"/>
      </object_component>
      <object_component id="oc-ca">
         <name>.debug_info</name>
         <load_address>0x119af</load_address>
         <run_address>0x119af</run_address>
         <size>0xa1c</size>
         <input_file_ref idref="fl-43"/>
      </object_component>
      <object_component id="oc-d0">
         <name>.debug_info</name>
         <load_address>0x123cb</load_address>
         <run_address>0x123cb</run_address>
         <size>0xb97</size>
         <input_file_ref idref="fl-44"/>
      </object_component>
      <object_component id="oc-d6">
         <name>.debug_info</name>
         <load_address>0x12f62</load_address>
         <run_address>0x12f62</run_address>
         <size>0x64f</size>
         <input_file_ref idref="fl-45"/>
      </object_component>
      <object_component id="oc-da">
         <name>.debug_info</name>
         <load_address>0x135b1</load_address>
         <run_address>0x135b1</run_address>
         <size>0x510</size>
         <input_file_ref idref="fl-46"/>
      </object_component>
      <object_component id="oc-f6">
         <name>.debug_info</name>
         <load_address>0x13ac1</load_address>
         <run_address>0x13ac1</run_address>
         <size>0x70</size>
      </object_component>
      <object_component id="oc-10">
         <name>.debug_frame</name>
         <load_address>0x0</load_address>
         <run_address>0x0</run_address>
         <size>0xe4</size>
         <input_file_ref idref="fl-2"/>
      </object_component>
      <object_component id="oc-11">
         <name>.debug_line</name>
         <load_address>0x0</load_address>
         <run_address>0x0</run_address>
         <size>0x3e</size>
         <input_file_ref idref="fl-2"/>
      </object_component>
      <object_component id="oc-15">
         <name>.debug_line</name>
         <load_address>0x3e</load_address>
         <run_address>0x3e</run_address>
         <size>0x54</size>
         <input_file_ref idref="fl-19"/>
      </object_component>
      <object_component id="oc-1c">
         <name>.debug_line</name>
         <load_address>0x92</load_address>
         <run_address>0x92</run_address>
         <size>0x51</size>
         <input_file_ref idref="fl-1a"/>
      </object_component>
      <object_component id="oc-20">
         <name>.debug_line</name>
         <load_address>0xe3</load_address>
         <run_address>0xe3</run_address>
         <size>0x69</size>
         <input_file_ref idref="fl-1b"/>
      </object_component>
      <object_component id="oc-25">
         <name>.debug_line</name>
         <load_address>0x14c</load_address>
         <run_address>0x14c</run_address>
         <size>0x37</size>
         <input_file_ref idref="fl-1c"/>
      </object_component>
      <object_component id="oc-2b">
         <name>.debug_line</name>
         <load_address>0x183</load_address>
         <run_address>0x183</run_address>
         <size>0x57</size>
         <input_file_ref idref="fl-1d"/>
      </object_component>
      <object_component id="oc-31">
         <name>.debug_line</name>
         <load_address>0x1da</load_address>
         <run_address>0x1da</run_address>
         <size>0x328</size>
         <input_file_ref idref="fl-1e"/>
      </object_component>
      <object_component id="oc-35">
         <name>.debug_line</name>
         <load_address>0x502</load_address>
         <run_address>0x502</run_address>
         <size>0x41</size>
         <input_file_ref idref="fl-1f"/>
      </object_component>
      <object_component id="oc-39">
         <name>.debug_line</name>
         <load_address>0x543</load_address>
         <run_address>0x543</run_address>
         <size>0x46</size>
         <input_file_ref idref="fl-20"/>
      </object_component>
      <object_component id="oc-3d">
         <name>.debug_line</name>
         <load_address>0x589</load_address>
         <run_address>0x589</run_address>
         <size>0x55</size>
         <input_file_ref idref="fl-21"/>
      </object_component>
      <object_component id="oc-41">
         <name>.debug_line</name>
         <load_address>0x5de</load_address>
         <run_address>0x5de</run_address>
         <size>0xad</size>
         <input_file_ref idref="fl-22"/>
      </object_component>
      <object_component id="oc-4b">
         <name>.debug_line</name>
         <load_address>0x68b</load_address>
         <run_address>0x68b</run_address>
         <size>0x5b</size>
         <input_file_ref idref="fl-25"/>
      </object_component>
      <object_component id="oc-4f">
         <name>.debug_line</name>
         <load_address>0x6e6</load_address>
         <run_address>0x6e6</run_address>
         <size>0x44</size>
         <input_file_ref idref="fl-26"/>
      </object_component>
      <object_component id="oc-53">
         <name>.debug_line</name>
         <load_address>0x72a</load_address>
         <run_address>0x72a</run_address>
         <size>0x3d</size>
         <input_file_ref idref="fl-27"/>
      </object_component>
      <object_component id="oc-57">
         <name>.debug_line</name>
         <load_address>0x767</load_address>
         <run_address>0x767</run_address>
         <size>0x3d</size>
         <input_file_ref idref="fl-28"/>
      </object_component>
      <object_component id="oc-5c">
         <name>.debug_line</name>
         <load_address>0x7a4</load_address>
         <run_address>0x7a4</run_address>
         <size>0x44</size>
         <input_file_ref idref="fl-29"/>
      </object_component>
      <object_component id="oc-60">
         <name>.debug_line</name>
         <load_address>0x7e8</load_address>
         <run_address>0x7e8</run_address>
         <size>0x56</size>
         <input_file_ref idref="fl-2a"/>
      </object_component>
      <object_component id="oc-65">
         <name>.debug_line</name>
         <load_address>0x83e</load_address>
         <run_address>0x83e</run_address>
         <size>0xa8</size>
         <input_file_ref idref="fl-2b"/>
      </object_component>
      <object_component id="oc-69">
         <name>.debug_line</name>
         <load_address>0x8e6</load_address>
         <run_address>0x8e6</run_address>
         <size>0x40</size>
         <input_file_ref idref="fl-2c"/>
      </object_component>
      <object_component id="oc-6d">
         <name>.debug_line</name>
         <load_address>0x926</load_address>
         <run_address>0x926</run_address>
         <size>0x38</size>
         <input_file_ref idref="fl-2d"/>
      </object_component>
      <object_component id="oc-71">
         <name>.debug_line</name>
         <load_address>0x95e</load_address>
         <run_address>0x95e</run_address>
         <size>0xa8</size>
         <input_file_ref idref="fl-2e"/>
      </object_component>
      <object_component id="oc-75">
         <name>.debug_line</name>
         <load_address>0xa06</load_address>
         <run_address>0xa06</run_address>
         <size>0x3c</size>
         <input_file_ref idref="fl-2f"/>
      </object_component>
      <object_component id="oc-7b">
         <name>.debug_line</name>
         <load_address>0xa42</load_address>
         <run_address>0xa42</run_address>
         <size>0x1b0</size>
         <input_file_ref idref="fl-30"/>
      </object_component>
      <object_component id="oc-7f">
         <name>.debug_line</name>
         <load_address>0xbf2</load_address>
         <run_address>0xbf2</run_address>
         <size>0x40</size>
         <input_file_ref idref="fl-31"/>
      </object_component>
      <object_component id="oc-83">
         <name>.debug_line</name>
         <load_address>0xc32</load_address>
         <run_address>0xc32</run_address>
         <size>0x3c</size>
         <input_file_ref idref="fl-32"/>
      </object_component>
      <object_component id="oc-87">
         <name>.debug_line</name>
         <load_address>0xc6e</load_address>
         <run_address>0xc6e</run_address>
         <size>0x4d</size>
         <input_file_ref idref="fl-33"/>
      </object_component>
      <object_component id="oc-8b">
         <name>.debug_line</name>
         <load_address>0xcbb</load_address>
         <run_address>0xcbb</run_address>
         <size>0x3c</size>
         <input_file_ref idref="fl-34"/>
      </object_component>
      <object_component id="oc-8f">
         <name>.debug_line</name>
         <load_address>0xcf7</load_address>
         <run_address>0xcf7</run_address>
         <size>0x37</size>
         <input_file_ref idref="fl-35"/>
      </object_component>
      <object_component id="oc-93">
         <name>.debug_line</name>
         <load_address>0xd2e</load_address>
         <run_address>0xd2e</run_address>
         <size>0x3c</size>
         <input_file_ref idref="fl-36"/>
      </object_component>
      <object_component id="oc-97">
         <name>.debug_line</name>
         <load_address>0xd6a</load_address>
         <run_address>0xd6a</run_address>
         <size>0x44</size>
         <input_file_ref idref="fl-37"/>
      </object_component>
      <object_component id="oc-9b">
         <name>.debug_line</name>
         <load_address>0xdae</load_address>
         <run_address>0xdae</run_address>
         <size>0x37</size>
         <input_file_ref idref="fl-38"/>
      </object_component>
      <object_component id="oc-a0">
         <name>.debug_line</name>
         <load_address>0xde5</load_address>
         <run_address>0xde5</run_address>
         <size>0x15d</size>
         <input_file_ref idref="fl-39"/>
      </object_component>
      <object_component id="oc-a6">
         <name>.debug_line</name>
         <load_address>0xf42</load_address>
         <run_address>0xf42</run_address>
         <size>0x6a</size>
         <input_file_ref idref="fl-3a"/>
      </object_component>
      <object_component id="oc-aa">
         <name>.debug_line</name>
         <load_address>0xfac</load_address>
         <run_address>0xfac</run_address>
         <size>0x58</size>
         <input_file_ref idref="fl-3b"/>
      </object_component>
      <object_component id="oc-ae">
         <name>.debug_line</name>
         <load_address>0x1004</load_address>
         <run_address>0x1004</run_address>
         <size>0x57</size>
         <input_file_ref idref="fl-3c"/>
      </object_component>
      <object_component id="oc-b2">
         <name>.debug_line</name>
         <load_address>0x105b</load_address>
         <run_address>0x105b</run_address>
         <size>0x5c</size>
         <input_file_ref idref="fl-3d"/>
      </object_component>
      <object_component id="oc-b6">
         <name>.debug_line</name>
         <load_address>0x10b7</load_address>
         <run_address>0x10b7</run_address>
         <size>0x3c</size>
         <input_file_ref idref="fl-3e"/>
      </object_component>
      <object_component id="oc-ba">
         <name>.debug_line</name>
         <load_address>0x10f3</load_address>
         <run_address>0x10f3</run_address>
         <size>0x5b</size>
         <input_file_ref idref="fl-3f"/>
      </object_component>
      <object_component id="oc-be">
         <name>.debug_line</name>
         <load_address>0x114e</load_address>
         <run_address>0x114e</run_address>
         <size>0x3a</size>
         <input_file_ref idref="fl-40"/>
      </object_component>
      <object_component id="oc-c2">
         <name>.debug_line</name>
         <load_address>0x1188</load_address>
         <run_address>0x1188</run_address>
         <size>0x3c</size>
         <input_file_ref idref="fl-41"/>
      </object_component>
      <object_component id="oc-c6">
         <name>.debug_line</name>
         <load_address>0x11c4</load_address>
         <run_address>0x11c4</run_address>
         <size>0x3f</size>
         <input_file_ref idref="fl-42"/>
      </object_component>
      <object_component id="oc-cc">
         <name>.debug_line</name>
         <load_address>0x1203</load_address>
         <run_address>0x1203</run_address>
         <size>0xd7</size>
         <input_file_ref idref="fl-43"/>
      </object_component>
      <object_component id="oc-d3">
         <name>.debug_line</name>
         <load_address>0x12da</load_address>
         <run_address>0x12da</run_address>
         <size>0x112</size>
         <input_file_ref idref="fl-44"/>
      </object_component>
      <object_component id="oc-d7">
         <name>.debug_line</name>
         <load_address>0x13ec</load_address>
         <run_address>0x13ec</run_address>
         <size>0x3d</size>
         <input_file_ref idref="fl-45"/>
      </object_component>
      <object_component id="oc-db">
         <name>.debug_line</name>
         <load_address>0x1429</load_address>
         <run_address>0x1429</run_address>
         <size>0x39</size>
         <input_file_ref idref="fl-46"/>
      </object_component>
      <object_component id="oc-12">
         <name>.debug_abbrev</name>
         <load_address>0x0</load_address>
         <run_address>0x0</run_address>
         <size>0x89</size>
         <input_file_ref idref="fl-2"/>
      </object_component>
      <object_component id="oc-16">
         <name>.debug_abbrev</name>
         <load_address>0x89</load_address>
         <run_address>0x89</run_address>
         <size>0x3a</size>
         <input_file_ref idref="fl-19"/>
      </object_component>
      <object_component id="oc-1d">
         <name>.debug_abbrev</name>
         <load_address>0xc3</load_address>
         <run_address>0xc3</run_address>
         <size>0xf7</size>
         <input_file_ref idref="fl-1a"/>
      </object_component>
      <object_component id="oc-21">
         <name>.debug_abbrev</name>
         <load_address>0x1ba</load_address>
         <run_address>0x1ba</run_address>
         <size>0x145</size>
         <input_file_ref idref="fl-1b"/>
      </object_component>
      <object_component id="oc-26">
         <name>.debug_abbrev</name>
         <load_address>0x2ff</load_address>
         <run_address>0x2ff</run_address>
         <size>0x26</size>
         <input_file_ref idref="fl-1c"/>
      </object_component>
      <object_component id="oc-2c">
         <name>.debug_abbrev</name>
         <load_address>0x325</load_address>
         <run_address>0x325</run_address>
         <size>0x9f</size>
         <input_file_ref idref="fl-1d"/>
      </object_component>
      <object_component id="oc-32">
         <name>.debug_abbrev</name>
         <load_address>0x3c4</load_address>
         <run_address>0x3c4</run_address>
         <size>0x1f8</size>
         <input_file_ref idref="fl-1e"/>
      </object_component>
      <object_component id="oc-36">
         <name>.debug_abbrev</name>
         <load_address>0x5bc</load_address>
         <run_address>0x5bc</run_address>
         <size>0xec</size>
         <input_file_ref idref="fl-1f"/>
      </object_component>
      <object_component id="oc-3a">
         <name>.debug_abbrev</name>
         <load_address>0x6a8</load_address>
         <run_address>0x6a8</run_address>
         <size>0xd5</size>
         <input_file_ref idref="fl-20"/>
      </object_component>
      <object_component id="oc-3e">
         <name>.debug_abbrev</name>
         <load_address>0x77d</load_address>
         <run_address>0x77d</run_address>
         <size>0x44</size>
         <input_file_ref idref="fl-21"/>
      </object_component>
      <object_component id="oc-42">
         <name>.debug_abbrev</name>
         <load_address>0x7c1</load_address>
         <run_address>0x7c1</run_address>
         <size>0xb7</size>
         <input_file_ref idref="fl-22"/>
      </object_component>
      <object_component id="oc-44">
         <name>.debug_abbrev</name>
         <load_address>0x878</load_address>
         <run_address>0x878</run_address>
         <size>0x68</size>
         <input_file_ref idref="fl-23"/>
      </object_component>
      <object_component id="oc-48">
         <name>.debug_abbrev</name>
         <load_address>0x8e0</load_address>
         <run_address>0x8e0</run_address>
         <size>0x83</size>
         <input_file_ref idref="fl-24"/>
      </object_component>
      <object_component id="oc-4c">
         <name>.debug_abbrev</name>
         <load_address>0x963</load_address>
         <run_address>0x963</run_address>
         <size>0x112</size>
         <input_file_ref idref="fl-25"/>
      </object_component>
      <object_component id="oc-50">
         <name>.debug_abbrev</name>
         <load_address>0xa75</load_address>
         <run_address>0xa75</run_address>
         <size>0xb5</size>
         <input_file_ref idref="fl-26"/>
      </object_component>
      <object_component id="oc-54">
         <name>.debug_abbrev</name>
         <load_address>0xb2a</load_address>
         <run_address>0xb2a</run_address>
         <size>0x8f</size>
         <input_file_ref idref="fl-27"/>
      </object_component>
      <object_component id="oc-58">
         <name>.debug_abbrev</name>
         <load_address>0xbb9</load_address>
         <run_address>0xbb9</run_address>
         <size>0xb7</size>
         <input_file_ref idref="fl-28"/>
      </object_component>
      <object_component id="oc-5d">
         <name>.debug_abbrev</name>
         <load_address>0xc70</load_address>
         <run_address>0xc70</run_address>
         <size>0xc2</size>
         <input_file_ref idref="fl-29"/>
      </object_component>
      <object_component id="oc-61">
         <name>.debug_abbrev</name>
         <load_address>0xd32</load_address>
         <run_address>0xd32</run_address>
         <size>0x103</size>
         <input_file_ref idref="fl-2a"/>
      </object_component>
      <object_component id="oc-66">
         <name>.debug_abbrev</name>
         <load_address>0xe35</load_address>
         <run_address>0xe35</run_address>
         <size>0x140</size>
         <input_file_ref idref="fl-2b"/>
      </object_component>
      <object_component id="oc-6a">
         <name>.debug_abbrev</name>
         <load_address>0xf75</load_address>
         <run_address>0xf75</run_address>
         <size>0x9a</size>
         <input_file_ref idref="fl-2c"/>
      </object_component>
      <object_component id="oc-6e">
         <name>.debug_abbrev</name>
         <load_address>0x100f</load_address>
         <run_address>0x100f</run_address>
         <size>0xd0</size>
         <input_file_ref idref="fl-2d"/>
      </object_component>
      <object_component id="oc-72">
         <name>.debug_abbrev</name>
         <load_address>0x10df</load_address>
         <run_address>0x10df</run_address>
         <size>0xb7</size>
         <input_file_ref idref="fl-2e"/>
      </object_component>
      <object_component id="oc-76">
         <name>.debug_abbrev</name>
         <load_address>0x1196</load_address>
         <run_address>0x1196</run_address>
         <size>0x38</size>
         <input_file_ref idref="fl-2f"/>
      </object_component>
      <object_component id="oc-7c">
         <name>.debug_abbrev</name>
         <load_address>0x11ce</load_address>
         <run_address>0x11ce</run_address>
         <size>0x225</size>
         <input_file_ref idref="fl-30"/>
      </object_component>
      <object_component id="oc-80">
         <name>.debug_abbrev</name>
         <load_address>0x13f3</load_address>
         <run_address>0x13f3</run_address>
         <size>0xec</size>
         <input_file_ref idref="fl-31"/>
      </object_component>
      <object_component id="oc-84">
         <name>.debug_abbrev</name>
         <load_address>0x14df</load_address>
         <run_address>0x14df</run_address>
         <size>0xb7</size>
         <input_file_ref idref="fl-32"/>
      </object_component>
      <object_component id="oc-88">
         <name>.debug_abbrev</name>
         <load_address>0x1596</load_address>
         <run_address>0x1596</run_address>
         <size>0x38</size>
         <input_file_ref idref="fl-33"/>
      </object_component>
      <object_component id="oc-8c">
         <name>.debug_abbrev</name>
         <load_address>0x15ce</load_address>
         <run_address>0x15ce</run_address>
         <size>0xdc</size>
         <input_file_ref idref="fl-34"/>
      </object_component>
      <object_component id="oc-90">
         <name>.debug_abbrev</name>
         <load_address>0x16aa</load_address>
         <run_address>0x16aa</run_address>
         <size>0x81</size>
         <input_file_ref idref="fl-35"/>
      </object_component>
      <object_component id="oc-94">
         <name>.debug_abbrev</name>
         <load_address>0x172b</load_address>
         <run_address>0x172b</run_address>
         <size>0xa6</size>
         <input_file_ref idref="fl-36"/>
      </object_component>
      <object_component id="oc-98">
         <name>.debug_abbrev</name>
         <load_address>0x17d1</load_address>
         <run_address>0x17d1</run_address>
         <size>0xb5</size>
         <input_file_ref idref="fl-37"/>
      </object_component>
      <object_component id="oc-9c">
         <name>.debug_abbrev</name>
         <load_address>0x1886</load_address>
         <run_address>0x1886</run_address>
         <size>0x8f</size>
         <input_file_ref idref="fl-38"/>
      </object_component>
      <object_component id="oc-a1">
         <name>.debug_abbrev</name>
         <load_address>0x1915</load_address>
         <run_address>0x1915</run_address>
         <size>0x15a</size>
         <input_file_ref idref="fl-39"/>
      </object_component>
      <object_component id="oc-a7">
         <name>.debug_abbrev</name>
         <load_address>0x1a6f</load_address>
         <run_address>0x1a6f</run_address>
         <size>0xde</size>
         <input_file_ref idref="fl-3a"/>
      </object_component>
      <object_component id="oc-ab">
         <name>.debug_abbrev</name>
         <load_address>0x1b4d</load_address>
         <run_address>0x1b4d</run_address>
         <size>0x38</size>
         <input_file_ref idref="fl-3b"/>
      </object_component>
      <object_component id="oc-af">
         <name>.debug_abbrev</name>
         <load_address>0x1b85</load_address>
         <run_address>0x1b85</run_address>
         <size>0xd1</size>
         <input_file_ref idref="fl-3c"/>
      </object_component>
      <object_component id="oc-b3">
         <name>.debug_abbrev</name>
         <load_address>0x1c56</load_address>
         <run_address>0x1c56</run_address>
         <size>0xd4</size>
         <input_file_ref idref="fl-3d"/>
      </object_component>
      <object_component id="oc-b7">
         <name>.debug_abbrev</name>
         <load_address>0x1d2a</load_address>
         <run_address>0x1d2a</run_address>
         <size>0xa6</size>
         <input_file_ref idref="fl-3e"/>
      </object_component>
      <object_component id="oc-bb">
         <name>.debug_abbrev</name>
         <load_address>0x1dd0</load_address>
         <run_address>0x1dd0</run_address>
         <size>0x136</size>
         <input_file_ref idref="fl-3f"/>
      </object_component>
      <object_component id="oc-bf">
         <name>.debug_abbrev</name>
         <load_address>0x1f06</load_address>
         <run_address>0x1f06</run_address>
         <size>0x81</size>
         <input_file_ref idref="fl-40"/>
      </object_component>
      <object_component id="oc-c3">
         <name>.debug_abbrev</name>
         <load_address>0x1f87</load_address>
         <run_address>0x1f87</run_address>
         <size>0xd1</size>
         <input_file_ref idref="fl-41"/>
      </object_component>
      <object_component id="oc-c7">
         <name>.debug_abbrev</name>
         <load_address>0x2058</load_address>
         <run_address>0x2058</run_address>
         <size>0x10b</size>
         <input_file_ref idref="fl-42"/>
      </object_component>
      <object_component id="oc-cd">
         <name>.debug_abbrev</name>
         <load_address>0x2163</load_address>
         <run_address>0x2163</run_address>
         <size>0x1a2</size>
         <input_file_ref idref="fl-43"/>
      </object_component>
      <object_component id="oc-d4">
         <name>.debug_abbrev</name>
         <load_address>0x2305</load_address>
         <run_address>0x2305</run_address>
         <size>0x1de</size>
         <input_file_ref idref="fl-44"/>
      </object_component>
      <object_component id="oc-d8">
         <name>.debug_abbrev</name>
         <load_address>0x24e3</load_address>
         <run_address>0x24e3</run_address>
         <size>0x118</size>
         <input_file_ref idref="fl-45"/>
      </object_component>
      <object_component id="oc-dc">
         <name>.debug_abbrev</name>
         <load_address>0x25fb</load_address>
         <run_address>0x25fb</run_address>
         <size>0xbf</size>
         <input_file_ref idref="fl-46"/>
      </object_component>
      <object_component id="oc-f7">
         <name>.debug_abbrev</name>
         <load_address>0x26ba</load_address>
         <run_address>0x26ba</run_address>
         <size>0xd</size>
      </object_component>
   </object_component_list>
   <logical_group_list>
      <logical_group id="lg-2">
         <name>vectors</name>
         <load_address>0xffff00</load_address>
         <run_address>0xffff00</run_address>
         <size>0x100</size>
         <contents>
            <object_component_ref idref="oc-23"/>
         </contents>
      </logical_group>
      <logical_group id="lg-3">
         <name>.cinit</name>
         <load_address>0x9a0</load_address>
         <run_address>0x9a0</run_address>
         <size>0xe8</size>
         <contents>
            <object_component_ref idref="oc-7a"/>
            <object_component_ref idref="oc-47"/>
            <object_component_ref idref="oc-2a"/>
            <object_component_ref idref="oc-1a"/>
            <object_component_ref idref="oc-cb"/>
            <object_component_ref idref="oc-d1"/>
         </contents>
      </logical_group>
      <logical_group id="lg-4">
         <name>.text</name>
         <load_address>0x0</load_address>
         <run_address>0x0</run_address>
         <size>0x4074</size>
         <contents>
            <object_component_ref idref="oc-c"/>
            <object_component_ref idref="oc-d"/>
            <object_component_ref idref="oc-17"/>
            <object_component_ref idref="oc-1b"/>
            <object_component_ref idref="oc-1e"/>
            <object_component_ref idref="oc-22"/>
            <object_component_ref idref="oc-27"/>
            <object_component_ref idref="oc-2d"/>
            <object_component_ref idref="oc-33"/>
            <object_component_ref idref="oc-37"/>
            <object_component_ref idref="oc-3b"/>
            <object_component_ref idref="oc-3f"/>
            <object_component_ref idref="oc-49"/>
            <object_component_ref idref="oc-4d"/>
            <object_component_ref idref="oc-51"/>
            <object_component_ref idref="oc-55"/>
            <object_component_ref idref="oc-59"/>
            <object_component_ref idref="oc-5e"/>
            <object_component_ref idref="oc-62"/>
            <object_component_ref idref="oc-67"/>
            <object_component_ref idref="oc-6b"/>
            <object_component_ref idref="oc-6f"/>
            <object_component_ref idref="oc-73"/>
            <object_component_ref idref="oc-77"/>
            <object_component_ref idref="oc-7d"/>
            <object_component_ref idref="oc-81"/>
            <object_component_ref idref="oc-85"/>
            <object_component_ref idref="oc-89"/>
            <object_component_ref idref="oc-8d"/>
            <object_component_ref idref="oc-91"/>
            <object_component_ref idref="oc-95"/>
            <object_component_ref idref="oc-99"/>
            <object_component_ref idref="oc-9d"/>
            <object_component_ref idref="oc-a2"/>
            <object_component_ref idref="oc-a5"/>
            <object_component_ref idref="oc-a8"/>
            <object_component_ref idref="oc-ac"/>
            <object_component_ref idref="oc-b0"/>
            <object_component_ref idref="oc-b4"/>
            <object_component_ref idref="oc-b8"/>
            <object_component_ref idref="oc-bc"/>
            <object_component_ref idref="oc-c0"/>
            <object_component_ref idref="oc-c4"/>
            <object_component_ref idref="oc-c8"/>
            <object_component_ref idref="oc-ce"/>
            <object_component_ref idref="oc-d5"/>
            <object_component_ref idref="oc-d9"/>
         </contents>
      </logical_group>
      <logical_group id="lg-5">
         <name>.stack</name>
         <run_address>0x5a0</run_address>
         <size>0x200</size>
         <contents>
            <object_component_ref idref="oc-13"/>
            <object_component_ref idref="oc-f3"/>
         </contents>
      </logical_group>
      <logical_group id="lg-6">
         <name>.sysstack</name>
         <run_address>0x7a0</run_address>
         <size>0x200</size>
         <contents>
            <object_component_ref idref="oc-dd"/>
            <object_component_ref idref="oc-f5"/>
         </contents>
      </logical_group>
      <logical_group id="lg-7">
         <name>.sysmem</name>
         <run_address>0x8000</run_address>
         <size>0x400</size>
         <contents>
            <object_component_ref idref="oc-d2"/>
            <object_component_ref idref="oc-f4"/>
         </contents>
      </logical_group>
      <logical_group id="lg-8">
         <name>.data</name>
         <run_address>0x8000</run_address>
         <size>0x0</size>
         <contents>
         </contents>
      </logical_group>
      <logical_group id="lg-9">
         <name>.cio</name>
         <run_address>0x360</run_address>
         <size>0x240</size>
         <contents>
            <object_component_ref idref="oc-a4"/>
         </contents>
      </logical_group>
      <logical_group id="lg-a">
         <name>.bss</name>
         <run_address>0xa000</run_address>
         <size>0x4d4</size>
         <contents>
            <object_component_ref idref="oc-18"/>
            <object_component_ref idref="oc-28"/>
            <object_component_ref idref="oc-45"/>
            <object_component_ref idref="oc-78"/>
            <object_component_ref idref="oc-9e"/>
            <object_component_ref idref="oc-c9"/>
            <object_component_ref idref="oc-cf"/>
         </contents>
      </logical_group>
      <logical_group id="lg-b">
         <name>.const</name>
         <load_address>0xc0</load_address>
         <run_address>0xc0</run_address>
         <size>0x29c</size>
         <contents>
            <object_component_ref idref="oc-de"/>
            <object_component_ref idref="oc-30"/>
            <object_component_ref idref="oc-f"/>
            <object_component_ref idref="oc-2f"/>
            <object_component_ref idref="oc-df"/>
            <object_component_ref idref="oc-64"/>
            <object_component_ref idref="oc-5b"/>
         </contents>
      </logical_group>
      <logical_group id="lg-ea">
         <name>.debug_info</name>
         <load_address>0x0</load_address>
         <run_address>0x0</run_address>
         <size>0x13b31</size>
         <contents>
            <object_component_ref idref="oc-e"/>
            <object_component_ref idref="oc-14"/>
            <object_component_ref idref="oc-19"/>
            <object_component_ref idref="oc-1f"/>
            <object_component_ref idref="oc-24"/>
            <object_component_ref idref="oc-29"/>
            <object_component_ref idref="oc-2e"/>
            <object_component_ref idref="oc-34"/>
            <object_component_ref idref="oc-38"/>
            <object_component_ref idref="oc-3c"/>
            <object_component_ref idref="oc-40"/>
            <object_component_ref idref="oc-43"/>
            <object_component_ref idref="oc-46"/>
            <object_component_ref idref="oc-4a"/>
            <object_component_ref idref="oc-4e"/>
            <object_component_ref idref="oc-52"/>
            <object_component_ref idref="oc-56"/>
            <object_component_ref idref="oc-5a"/>
            <object_component_ref idref="oc-5f"/>
            <object_component_ref idref="oc-63"/>
            <object_component_ref idref="oc-68"/>
            <object_component_ref idref="oc-6c"/>
            <object_component_ref idref="oc-70"/>
            <object_component_ref idref="oc-74"/>
            <object_component_ref idref="oc-79"/>
            <object_component_ref idref="oc-7e"/>
            <object_component_ref idref="oc-82"/>
            <object_component_ref idref="oc-86"/>
            <object_component_ref idref="oc-8a"/>
            <object_component_ref idref="oc-8e"/>
            <object_component_ref idref="oc-92"/>
            <object_component_ref idref="oc-96"/>
            <object_component_ref idref="oc-9a"/>
            <object_component_ref idref="oc-9f"/>
            <object_component_ref idref="oc-a3"/>
            <object_component_ref idref="oc-a9"/>
            <object_component_ref idref="oc-ad"/>
            <object_component_ref idref="oc-b1"/>
            <object_component_ref idref="oc-b5"/>
            <object_component_ref idref="oc-b9"/>
            <object_component_ref idref="oc-bd"/>
            <object_component_ref idref="oc-c1"/>
            <object_component_ref idref="oc-c5"/>
            <object_component_ref idref="oc-ca"/>
            <object_component_ref idref="oc-d0"/>
            <object_component_ref idref="oc-d6"/>
            <object_component_ref idref="oc-da"/>
            <object_component_ref idref="oc-f6"/>
         </contents>
      </logical_group>
      <logical_group id="lg-ec">
         <name>.debug_frame</name>
         <load_address>0x0</load_address>
         <run_address>0x0</run_address>
         <size>0xe4</size>
         <contents>
            <object_component_ref idref="oc-10"/>
         </contents>
      </logical_group>
      <logical_group id="lg-ee">
         <name>.debug_line</name>
         <load_address>0x0</load_address>
         <run_address>0x0</run_address>
         <size>0x1462</size>
         <contents>
            <object_component_ref idref="oc-11"/>
            <object_component_ref idref="oc-15"/>
            <object_component_ref idref="oc-1c"/>
            <object_component_ref idref="oc-20"/>
            <object_component_ref idref="oc-25"/>
            <object_component_ref idref="oc-2b"/>
            <object_component_ref idref="oc-31"/>
            <object_component_ref idref="oc-35"/>
            <object_component_ref idref="oc-39"/>
            <object_component_ref idref="oc-3d"/>
            <object_component_ref idref="oc-41"/>
            <object_component_ref idref="oc-4b"/>
            <object_component_ref idref="oc-4f"/>
            <object_component_ref idref="oc-53"/>
            <object_component_ref idref="oc-57"/>
            <object_component_ref idref="oc-5c"/>
            <object_component_ref idref="oc-60"/>
            <object_component_ref idref="oc-65"/>
            <object_component_ref idref="oc-69"/>
            <object_component_ref idref="oc-6d"/>
            <object_component_ref idref="oc-71"/>
            <object_component_ref idref="oc-75"/>
            <object_component_ref idref="oc-7b"/>
            <object_component_ref idref="oc-7f"/>
            <object_component_ref idref="oc-83"/>
            <object_component_ref idref="oc-87"/>
            <object_component_ref idref="oc-8b"/>
            <object_component_ref idref="oc-8f"/>
            <object_component_ref idref="oc-93"/>
            <object_component_ref idref="oc-97"/>
            <object_component_ref idref="oc-9b"/>
            <object_component_ref idref="oc-a0"/>
            <object_component_ref idref="oc-a6"/>
            <object_component_ref idref="oc-aa"/>
            <object_component_ref idref="oc-ae"/>
            <object_component_ref idref="oc-b2"/>
            <object_component_ref idref="oc-b6"/>
            <object_component_ref idref="oc-ba"/>
            <object_component_ref idref="oc-be"/>
            <object_component_ref idref="oc-c2"/>
            <object_component_ref idref="oc-c6"/>
            <object_component_ref idref="oc-cc"/>
            <object_component_ref idref="oc-d3"/>
            <object_component_ref idref="oc-d7"/>
            <object_component_ref idref="oc-db"/>
         </contents>
      </logical_group>
      <logical_group id="lg-f0">
         <name>.debug_abbrev</name>
         <load_address>0x0</load_address>
         <run_address>0x0</run_address>
         <size>0x26c7</size>
         <contents>
            <object_component_ref idref="oc-12"/>
            <object_component_ref idref="oc-16"/>
            <object_component_ref idref="oc-1d"/>
            <object_component_ref idref="oc-21"/>
            <object_component_ref idref="oc-26"/>
            <object_component_ref idref="oc-2c"/>
            <object_component_ref idref="oc-32"/>
            <object_component_ref idref="oc-36"/>
            <object_component_ref idref="oc-3a"/>
            <object_component_ref idref="oc-3e"/>
            <object_component_ref idref="oc-42"/>
            <object_component_ref idref="oc-44"/>
            <object_component_ref idref="oc-48"/>
            <object_component_ref idref="oc-4c"/>
            <object_component_ref idref="oc-50"/>
            <object_component_ref idref="oc-54"/>
            <object_component_ref idref="oc-58"/>
            <object_component_ref idref="oc-5d"/>
            <object_component_ref idref="oc-61"/>
            <object_component_ref idref="oc-66"/>
            <object_component_ref idref="oc-6a"/>
            <object_component_ref idref="oc-6e"/>
            <object_component_ref idref="oc-72"/>
            <object_component_ref idref="oc-76"/>
            <object_component_ref idref="oc-7c"/>
            <object_component_ref idref="oc-80"/>
            <object_component_ref idref="oc-84"/>
            <object_component_ref idref="oc-88"/>
            <object_component_ref idref="oc-8c"/>
            <object_component_ref idref="oc-90"/>
            <object_component_ref idref="oc-94"/>
            <object_component_ref idref="oc-98"/>
            <object_component_ref idref="oc-9c"/>
            <object_component_ref idref="oc-a1"/>
            <object_component_ref idref="oc-a7"/>
            <object_component_ref idref="oc-ab"/>
            <object_component_ref idref="oc-af"/>
            <object_component_ref idref="oc-b3"/>
            <object_component_ref idref="oc-b7"/>
            <object_component_ref idref="oc-bb"/>
            <object_component_ref idref="oc-bf"/>
            <object_component_ref idref="oc-c3"/>
            <object_component_ref idref="oc-c7"/>
            <object_component_ref idref="oc-cd"/>
            <object_component_ref idref="oc-d4"/>
            <object_component_ref idref="oc-d8"/>
            <object_component_ref idref="oc-dc"/>
            <object_component_ref idref="oc-f7"/>
         </contents>
      </logical_group>
   </logical_group_list>
   <placement_map>
      <memory_area>
         <name>MMR</name>
         <page_id>0x0</page_id>
         <origin>0x0</origin>
         <length>0xc0</length>
         <used_space>0x0</used_space>
         <unused_space>0xc0</unused_space>
         <attributes>RWIX</attributes>
         <usage_details>
         </usage_details>
      </memory_area>
      <memory_area>
         <name>DARAM0</name>
         <page_id>0x0</page_id>
         <origin>0xc0</origin>
         <length>0x1f40</length>
         <used_space>0x9c4</used_space>
         <unused_space>0x157c</unused_space>
         <attributes>RWIX</attributes>
         <usage_details>
            <allocated_space>
               <start_address>0xc0</start_address>
               <size>0x29c</size>
               <logical_group_ref idref="lg-b"/>
            </allocated_space>
            <available_space>
               <start_address>0x35c</start_address>
               <size>0x4</size>
            </available_space>
            <allocated_space>
               <start_address>0x360</start_address>
               <size>0x240</size>
               <logical_group_ref idref="lg-9"/>
            </allocated_space>
            <allocated_space>
               <start_address>0x5a0</start_address>
               <size>0x200</size>
               <logical_group_ref idref="lg-5"/>
            </allocated_space>
            <allocated_space>
               <start_address>0x7a0</start_address>
[...]
         <name>VECS</name>
         <page_id>0x0</page_id>
         <origin>0xffff00</origin>
         <length>0x100</length>
         <used_space>0x100</used_space>
         <unused_space>0x0</unused_space>
         <attributes>RWIX</attributes>
         <usage_details>
            <allocated_space>
               <start_address>0xffff00</start_address>
               <size>0x100</size>
               <logical_group_ref idref="lg-2"/>
            </allocated_space>
         </usage_details>
      </memory_area>
   </placement_map>
   <symbol_table>
      <symbol id="sm-0">
         <name>$TI_capability$C5500$CallingConvention</name>
         <value>0x2</value>
      </symbol>
      <symbol id="sm-1">
         <name>$TI_capability$C5500$MemoryModel</name>
         <value>0x2</value>
      </symbol>
      <symbol id="sm-2">
         <name>$TI_capability_requires_rev3</name>
         <value>0x1</value>
      </symbol>
      <symbol id="sm-3">
         <name>cinit</name>
         <value>0x9a0</value>
      </symbol>
      <symbol id="sm-4">
         <name>___cinit__</name>
         <value>0x9a0</value>
      </symbol>
      <symbol id="sm-5">
         <name>pinit</name>
         <value>0xffffffff</value>
      </symbol>
      <symbol id="sm-6">
         <name>___pinit__</name>
         <value>0xffffffff</value>
      </symbol>
      <symbol id="sm-7">
         <name>binit</name>
         <value>0xffffffff</value>
      </symbol>
      <symbol id="sm-8">
         <name>___binit__</name>
         <value>0xffffffff</value>
      </symbol>
      <symbol id="sm-9">
         <name>__STACK_SIZE</name>
         <value>0x200</value>
      </symbol>
      <symbol id="sm-a">
         <name>__STACK_END</name>
         <value>0x7a0</value>
      </symbol>
      <symbol id="sm-b">
         <name>__SYSMEM_SIZE</name>
         <value>0x400</value>
      </symbol>
      <symbol id="sm-c">
         <name>___c_args__</name>
         <value>0xffffffff</value>
      </symbol>
      <symbol id="sm-d">
         <name>__SYSSTACK_SIZE</name>
         <value>0x200</value>
      </symbol>
      <symbol id="sm-e">
         <name>.text</name>
         <value>0x0</value>
      </symbol>
      <symbol id="sm-f">
         <name>___text__</name>
         <value>0x0</value>
      </symbol>
      <symbol id="sm-10">
         <name>etext</name>
         <value>0x4074</value>
      </symbol>
      <symbol id="sm-11">
         <name>___etext__</name>
         <value>0x4074</value>
      </symbol>
      <symbol id="sm-12">
         <name>.data</name>
         <value>0x8000</value>
      </symbol>
      <symbol id="sm-13">
         <name>___data__</name>
         <value>0x8000</value>
      </symbol>
      <symbol id="sm-14">
         <name>edata</name>
         <value>0x8000</value>
      </symbol>
      <symbol id="sm-15">
         <name>___edata__</name>
         <value>0x8000</value>
      </symbol>
      <symbol id="sm-16">
         <name>.bss</name>
         <value>0xa000</value>
      </symbol>
      <symbol id="sm-17">
         <name>___bss__</name>
         <value>0xa000</value>
      </symbol>
      <symbol id="sm-18">
         <name>end</name>
         <value>0xa4d4</value>
      </symbol>
      <symbol id="sm-19">
         <name>___end__</name>
         <value>0xa4d4</value>
      </symbol>
      <symbol id="sm-43">
         <name>_main</name>
         <value>0x4000</value>
         <object_component_ref idref="oc-d"/>
      </symbol>
      <symbol id="sm-4f">
         <name>__sysstack</name>
         <value>0x7a0</value>
         <object_component_ref idref="oc-dd"/>
      </symbol>
      <symbol id="sm-50">
         <name>_c_int00</name>
         <value>0x3f3b</value>
         <object_component_ref idref="oc-c"/>
      </symbol>
      <symbol id="sm-51">
         <name>__stack</name>
         <value>0x5a0</value>
         <object_component_ref idref="oc-13"/>
      </symbol>
      <symbol id="sm-61">
         <name>C$$EXIT</name>
         <value>0x406c</value>
         <object_component_ref idref="oc-1b"/>
      </symbol>
      <symbol id="sm-62">
         <name>_exit</name>
         <value>0x3efd</value>
         <object_component_ref idref="oc-17"/>
      </symbol>
      <symbol id="sm-63">
         <name>_abort</name>
         <value>0x406b</value>
         <object_component_ref idref="oc-1b"/>
      </symbol>
      <symbol id="sm-64">
         <name>__cleanup_ptr</name>
         <value>0xa4cc</value>
         <object_component_ref idref="oc-18"/>
      </symbol>
      <symbol id="sm-65">
         <name>__dtors_ptr</name>
         <value>0xa4d0</value>
         <object_component_ref idref="oc-18"/>
      </symbol>
      <symbol id="sm-6f">
         <name>_printf</name>
         <value>0x3d43</value>
         <object_component_ref idref="oc-1e"/>
      </symbol>
      <symbol id="sm-79">
         <name>_Reset</name>
         <value>0xffff00</value>
         <object_component_ref idref="oc-23"/>
      </symbol>
      <symbol id="sm-87">
         <name>__unlock</name>
         <value>0xa4c8</value>
         <object_component_ref idref="oc-28"/>
      </symbol>
      <symbol id="sm-88">
         <name>__lock</name>
         <value>0xa4c4</value>
         <object_component_ref idref="oc-28"/>
      </symbol>
      <symbol id="sm-89">
         <name>__register_lock</name>
         <value>0x4047</value>
         <object_component_ref idref="oc-27"/>
      </symbol>
      <symbol id="sm-8a">
         <name>__nop</name>
         <value>0x404f</value>
         <object_component_ref idref="oc-27"/>
      </symbol>
      <symbol id="sm-8b">
         <name>__register_unlock</name>
         <value>0x403f</value>
         <object_component_ref idref="oc-27"/>
      </symbol>
      <symbol id="sm-9d">
         <name>__printfi</name>
         <value>0x1362</value>
         <object_component_ref idref="oc-2d"/>
      </symbol>
      <symbol id="sm-a7">
         <name>__args_main</name>
         <value>0x3de0</value>
         <object_component_ref idref="oc-33"/>
      </symbol>
      <symbol id="sm-a8">
         <name>__TI_args_main</name>
         <value>0x1</value>
      </symbol>
      <symbol id="sm-b2">
         <name>_atoi</name>
         <value>0x3ce7</value>
         <object_component_ref idref="oc-37"/>
      </symbol>
      <symbol id="sm-ba">
         <name>_auto_init</name>
         <value>0x3d93</value>
         <object_component_ref idref="oc-3b"/>
      </symbol>
      <symbol id="sm-c4">
         <name>__eqld</name>
         <value>0x3125</value>
         <object_component_ref idref="oc-3f"/>
      </symbol>
      <symbol id="sm-c5">
         <name>__cmpd</name>
         <value>0x3159</value>
         <object_component_ref idref="oc-3f"/>
      </symbol>
      <symbol id="sm-c6">
         <name>__neqd</name>
         <value>0x2fc7</value>
         <object_component_ref idref="oc-3f"/>
      </symbol>
      <symbol id="sm-c7">
         <name>__gtrd</name>
         <value>0x3090</value>
         <object_component_ref idref="oc-3f"/>
      </symbol>
      <symbol id="sm-c8">
         <name>__geqd</name>
         <value>0x30db</value>
         <object_component_ref idref="oc-3f"/>
      </symbol>
      <symbol id="sm-c9">
         <name>__leqd</name>
         <value>0x3043</value>
         <object_component_ref idref="oc-3f"/>
      </symbol>
      <symbol id="sm-ca">
         <name>__lssd</name>
         <value>0x2ffb</value>
         <object_component_ref idref="oc-3f"/>
      </symbol>
      <symbol id="sm-d2">
         <name>__ctypes_</name>
         <value>0xc0</value>
         <object_component_ref idref="oc-de"/>
      </symbol>
      <symbol id="sm-dc">
         <name>__tmpnams</name>
         <value>0xa0f0</value>
         <object_component_ref idref="oc-45"/>
      </symbol>
      <symbol id="sm-dd">
         <name>__ft_end</name>
         <value>0xa230</value>
         <object_component_ref idref="oc-45"/>
      </symbol>
      <symbol id="sm-de">
         <name>__ftable</name>
         <value>0xa000</value>
         <object_component_ref idref="oc-45"/>
      </symbol>
      <symbol id="sm-ea">
         <name>__divd</name>
         <value>0x24c4</value>
         <object_component_ref idref="oc-49"/>
      </symbol>
      <symbol id="sm-f5">
         <name>__divul</name>
         <value>0x3845</value>
         <object_component_ref idref="oc-4d"/>
      </symbol>
      <symbol id="sm-ff">
         <name>__fixdi</name>
         <value>0x3f6f</value>
         <object_component_ref idref="oc-51"/>
      </symbol>
      <symbol id="sm-109">
         <name>__fixdli</name>
         <value>0x3b39</value>
         <object_component_ref idref="oc-55"/>
      </symbol>
      <symbol id="sm-115">
         <name>__fltlid</name>
         <value>0x3c80</value>
         <object_component_ref idref="oc-59"/>
      </symbol>
      <symbol id="sm-11f">
         <name>_putchar</name>
         <value>0x3836</value>
         <object_component_ref idref="oc-5e"/>
      </symbol>
      <symbol id="sm-120">
         <name>_putc</name>
         <value>0x379f</value>
         <object_component_ref idref="oc-5e"/>
      </symbol>
      <symbol id="sm-121">
         <name>_fputc</name>
         <value>0x379f</value>
         <object_component_ref idref="oc-5e"/>
      </symbol>
      <symbol id="sm-12f">
         <name>_puts</name>
         <value>0x32e6</value>
         <object_component_ref idref="oc-62"/>
      </symbol>
      <symbol id="sm-130">
         <name>_fputs</name>
         <value>0x31b1</value>
         <object_component_ref idref="oc-62"/>
      </symbol>
      <symbol id="sm-13a">
         <name>__frcmpyd_div</name>
         <value>0x3a54</value>
         <object_component_ref idref="oc-67"/>
      </symbol>
      <symbol id="sm-144">
         <name>___isinf</name>
         <value>0x3fe6</value>
         <object_component_ref idref="oc-6b"/>
      </symbol>
      <symbol id="sm-14e">
         <name>__divull</name>
         <value>0x2c44</value>
         <object_component_ref idref="oc-6f"/>
      </symbol>
      <symbol id="sm-14f">
         <name>__mpylli</name>
         <value>0x2b8c</value>
         <object_component_ref idref="oc-6f"/>
      </symbol>
      <symbol id="sm-150">
         <name>__remlli</name>
         <value>0x2b5d</value>
         <object_component_ref idref="oc-6f"/>
      </symbol>
      <symbol id="sm-151">
         <name>__divlli</name>
         <value>0x2d38</value>
         <object_component_ref idref="oc-6f"/>
      </symbol>
      <symbol id="sm-152">
         <name>__remull</name>
         <value>0x2b0f</value>
         <object_component_ref idref="oc-6f"/>
      </symbol>
      <symbol id="sm-15a">
         <name>__mpyli</name>
         <value>0x402c</value>
         <object_component_ref idref="oc-73"/>
      </symbol>
      <symbol id="sm-15b">
         <name>I$$LMPY</name>
         <value>0x402c</value>
         <object_component_ref idref="oc-73"/>
      </symbol>
      <symbol id="sm-16d">
         <name>_add_device</name>
         <value>0x19f7</value>
         <object_component_ref idref="oc-77"/>
      </symbol>
      <symbol id="sm-16e">
         <name>_rename</name>
         <value>0x1719</value>
         <object_component_ref idref="oc-77"/>
      </symbol>
      <symbol id="sm-16f">
         <name>_read</name>
         <value>0x17a8</value>
         <object_component_ref idref="oc-77"/>
      </symbol>
      <symbol id="sm-170">
         <name>_unlink</name>
         <value>0x16e6</value>
         <object_component_ref idref="oc-77"/>
      </symbol>
      <symbol id="sm-171">
         <name>_remove_device</name>
         <value>0x1772</value>
         <object_component_ref idref="oc-77"/>
      </symbol>
      <symbol id="sm-172">
         <name>_open</name>
         <value>0x1856</value>
         <object_component_ref idref="oc-77"/>
      </symbol>
      <symbol id="sm-173">
         <name>_find_registered_device</name>
         <value>0x197b</value>
         <object_component_ref idref="oc-77"/>
      </symbol>
      <symbol id="sm-174">
         <name>_lseek</name>
         <value>0x1915</value>
         <object_component_ref idref="oc-77"/>
      </symbol>
      <symbol id="sm-175">
         <name>_close</name>
         <value>0x1984</value>
         <object_component_ref idref="oc-77"/>
      </symbol>
      <symbol id="sm-176">
         <name>_write</name>
         <value>0x15a4</value>
         <object_component_ref idref="oc-77"/>
      </symbol>
      <symbol id="sm-180">
         <name>_ltoa</name>
         <value>0x38e6</value>
         <object_component_ref idref="oc-7d"/>
      </symbol>
      <symbol id="sm-18b">
         <name>_memccpy</name>
         <value>0x3fc3</value>
         <object_component_ref idref="oc-81"/>
      </symbol>
      <symbol id="sm-193">
         <name>_memcpy</name>
         <value>0x3ebe</value>
         <object_component_ref idref="oc-85"/>
      </symbol>
      <symbol id="sm-19d">
         <name>__mpyd</name>
         <value>0x3314</value>
         <object_component_ref idref="oc-89"/>
      </symbol>
      <symbol id="sm-1a7">
         <name>__negd</name>
         <value>0x4051</value>
         <object_component_ref idref="oc-8d"/>
      </symbol>
      <symbol id="sm-1b1">
         <name>__remli</name>
         <value>0x3e2b</value>
         <object_component_ref idref="oc-91"/>
      </symbol>
      <symbol id="sm-1bc">
         <name>__remul</name>
         <value>0x3ac7</value>
         <object_component_ref idref="oc-95"/>
      </symbol>
      <symbol id="sm-1c6">
         <name>__subd</name>
         <value>0x4018</value>
         <object_component_ref idref="oc-99"/>
      </symbol>
      <symbol id="sm-1d2">
         <name>_HOSTopen</name>
         <value>0x1df2</value>
         <object_component_ref idref="oc-9d"/>
      </symbol>
      <symbol id="sm-1d3">
         <name>_HOSTread</name>
         <value>0x1d65</value>
         <object_component_ref idref="oc-9d"/>
      </symbol>
      <symbol id="sm-1d4">
         <name>_HOSTtime</name>
         <value>0x1c59</value>
         <object_component_ref idref="oc-9d"/>
      </symbol>
      <symbol id="sm-1d5">
         <name>_getenv</name>
         <value>0x1ae7</value>
         <object_component_ref idref="oc-9d"/>
      </symbol>
      <symbol id="sm-1d6">
         <name>_HOSTrename</name>
         <value>0x1cb7</value>
         <object_component_ref idref="oc-9d"/>
      </symbol>
      <symbol id="sm-1d7">
         <name>_HOSTclock</name>
         <value>0x1fb1</value>
         <object_component_ref idref="oc-9d"/>
      </symbol>
      <symbol id="sm-1d8">
         <name>_HOSTwrite</name>
         <value>0x1b62</value>
         <object_component_ref idref="oc-9d"/>
      </symbol>
      <symbol id="sm-1d9">
         <name>_HOSTlseek</name>
         <value>0x1e91</value>
         <object_component_ref idref="oc-9d"/>
      </symbol>
      <symbol id="sm-1da">
         <name>_HOSTunlink</name>
         <value>0x1bef</value>
         <object_component_ref idref="oc-9d"/>
      </symbol>
      <symbol id="sm-1db">
         <name>_HOSTclose</name>
         <value>0x1f46</value>
         <object_component_ref idref="oc-9d"/>
      </symbol>
      <symbol id="sm-1ed">
         <name>C$$IO$$</name>
         <value>0x379a</value>
         <object_component_ref idref="oc-a5"/>
      </symbol>
      <symbol id="sm-1ee">
         <name>__CIOBUF_</name>
         <value>0x360</value>
         <object_component_ref idref="oc-a4"/>
      </symbol>
      <symbol id="sm-1ef">
         <name>_readmsg</name>
         <value>0x3ba8</value>
         <object_component_ref idref="oc-a2"/>
      </symbol>
      <symbol id="sm-1f0">
         <name>_writemsg</name>
         <value>0x36e5</value>
         <object_component_ref idref="oc-a5"/>
      </symbol>
      <symbol id="sm-1f8">
         <name>__remu</name>
         <value>0x3fae</value>
         <object_component_ref idref="oc-a8"/>
      </symbol>
      <symbol id="sm-1f9">
         <name>__divu</name>
         <value>0x3f99</value>
         <object_component_ref idref="oc-a8"/>
      </symbol>
      <symbol id="sm-1fa">
         <name>I$$UMOD</name>
         <value>0x3fae</value>
         <object_component_ref idref="oc-a8"/>
      </symbol>
      <symbol id="sm-1fb">
         <name>I$$UDIV</name>
         <value>0x3f99</value>
         <object_component_ref idref="oc-a8"/>
      </symbol>
      <symbol id="sm-205">
         <name>__rd_ok</name>
         <value>0x35c6</value>
         <object_component_ref idref="oc-ac"/>
      </symbol>
      <symbol id="sm-206">
         <name>__wrt_ok</name>
         <value>0x3546</value>
         <object_component_ref idref="oc-ac"/>
      </symbol>
      <symbol id="sm-210">
         <name>__addd</name>
         <value>0x2d6d</value>
         <object_component_ref idref="oc-b0"/>
      </symbol>
      <symbol id="sm-21a">
         <name>__divli</name>
         <value>0x3e76</value>
         <object_component_ref idref="oc-b4"/>
      </symbol>
      <symbol id="sm-224">
         <name>__doflush</name>
         <value>0x3623</value>
         <object_component_ref idref="oc-b8"/>
      </symbol>
      <symbol id="sm-225">
         <name>_fflush</name>
         <value>0x368c</value>
         <object_component_ref idref="oc-b8"/>
      </symbol>
      <symbol id="sm-22f">
         <name>__frcmpyd</name>
         <value>0x39de</value>
         <object_component_ref idref="oc-bc"/>
      </symbol>
      <symbol id="sm-239">
         <name>_fseek</name>
         <value>0x3c15</value>
         <object_component_ref idref="oc-c0"/>
      </symbol>
      <symbol id="sm-243">
         <name>_setvbuf</name>
         <value>0x3460</value>
         <object_component_ref idref="oc-c4"/>
      </symbol>
      <symbol id="sm-252">
         <name>__cleanup</name>
         <value>0x29b1</value>
         <object_component_ref idref="oc-c8"/>
      </symbol>
      <symbol id="sm-253">
         <name>_fopen</name>
         <value>0x2ad4</value>
         <object_component_ref idref="oc-c8"/>
      </symbol>
      <symbol id="sm-254">
         <name>_freopen</name>
         <value>0x2a0b</value>
         <object_component_ref idref="oc-c8"/>
      </symbol>
      <symbol id="sm-264">
         <name>__sys_memory</name>
         <value>0x8000</value>
         <object_component_ref idref="oc-d2"/>
      </symbol>
      <symbol id="sm-265">
         <name>_chkheap</name>
         <value>0x2496</value>
         <object_component_ref idref="oc-ce"/>
      </symbol>
      <symbol id="sm-266">
         <name>_realloc</name>
         <value>0x2235</value>
         <object_component_ref idref="oc-ce"/>
      </symbol>
      <symbol id="sm-267">
         <name>_free_memory</name>
         <value>0x2440</value>
         <object_component_ref idref="oc-ce"/>
      </symbol>
      <symbol id="sm-268">
         <name>_max_free</name>
         <value>0x23e6</value>
         <object_component_ref idref="oc-ce"/>
      </symbol>
      <symbol id="sm-269">
         <name>_free</name>
         <value>0x200f</value>
         <object_component_ref idref="oc-ce"/>
      </symbol>
      <symbol id="sm-26a">
         <name>_calloc</name>
         <value>0x249e</value>
         <object_component_ref idref="oc-ce"/>
      </symbol>
      <symbol id="sm-26b">
         <name>_malloc</name>
         <value>0x2140</value>
         <object_component_ref idref="oc-ce"/>
      </symbol>
      <symbol id="sm-26c">
         <name>_minit</name>
         <value>0x20db</value>
         <object_component_ref idref="oc-ce"/>
      </symbol>
      <symbol id="sm-276">
         <name>_fclose</name>
         <value>0x3963</value>
         <object_component_ref idref="oc-d5"/>
      </symbol>
      <symbol id="sm-280">
         <name>_remove</name>
         <value>0x4061</value>
         <object_component_ref idref="oc-d9"/>
      </symbol>
   </symbol_table>
</link_info>
