******************************************************************************
              TMS320C55x Linker Unix v4.4.1                    
******************************************************************************
>> Linked Fri Sep 30 09:44:38 2022

OUTPUT FILE NAME:   <Hello_World.out>
ENTRY POINT SYMBOL: "_c_int00"  address: 00023f3b


MEMORY CONFIGURATION

         name            origin    length      used     unused   attr    fill
                        (bytes)   (bytes)    (bytes)   (bytes)
----------------------  --------  ---------  --------  --------  ----  --------
PAGE 0:
  MMR                   00000000   000000c0  00000000  000000c0  RWIX
  DARAM0                000000c0   0000ff40  00005768  0000a7d8  RWIX
  SARAM0                00010000   00010000  00000000  00010000  RWIX
  SARAM1                00020000   00020000  00004072  0001bf8e  RWIX
  SARAM2                00040000   0000fe00  00000328  0000fad8  RWIX
  VECS                  0004fe00   00000200  00000100  00000100  RWIX
  PDROM                 00ff8000   00008000  00000000  00008000  R IX

PAGE 2:
  IOPORT                00000000   00020000  00000000  00020000  RWI 


SECTION ALLOCATION MAP
(Addresses surrounded by []'s are displayed for convenience only!)

output                                                          attributes/
section   page  orgn(bytes) orgn(words) len(bytes) len(words)   input sections
--------  ----  ----------- ----------- ---------- ----------   --------------
.pinit       0   [ 00040000 ]  00020000          *   00000000   UNINITIALIZED

.stack       0   [ 000000c0 ]  00000060          *   00001000   UNINITIALIZED
                 [ 000000c0 ]  00000060          *   00001000   --HOLE--

.data        0   [ 000000c0 ]  00000060          *   00000000   UNINITIALIZED

.sysstack 
*            0   [ 000020c0 ]  00001060          *   00000800   UNINITIALIZED
                 [ 000020c0 ]  00001060          *   00000800   --HOLE--

.sysmem      0   [ 000030c0 ]  00001860          *   00001000   UNINITIALIZED
                 [ 000030c0 ]  00001860          *   00001000   --HOLE--

.bss.1       0   [ 000050c0 ]  00002860          *   0000025b   UNINITIALIZED
                 [ 000050c0 ]  00002860          *   00000119   rts55x.lib : defs.obj (.bss)
                 [ 000052f2 ]  00002979          *   000000d0              : trgdrv.obj (.bss)
                 [ 00005492 ]  00002a49          *   00000001              : fopen.obj (.bss)
                 [ 00005494 ]  00002a4a          *   00000071              : lowlev.obj (.bss)

.bss.2       0   [ 00005578 ]  00002abc          *   0000000e   UNINITIALIZED
                 [ 00005578 ]  00002abc          *   00000006   rts55x.lib : memory.obj (.bss)
                 [ 00005584 ]  00002ac2          *   00000004              : _lock.obj (.bss)
                 [ 0000558c ]  00002ac6          *   00000004              : exit.obj (.bss)

.const.1     0   [ 00005594 ]  00002aca          *   00000101   
                 [ 00005594 ]  00002aca          *   00000101   rts55x.lib : ctype.obj (.const:__ctypes_)

.const.2     0   [ 00005798 ]  00002bcc          *   0000004a   
                 [ 00005798 ]  00002bcc          *   00000024   rts55x.lib : _printfi.obj (.const:.string)
                 [ 000057e0 ]  00002bf0          *   0000000e   main.obj (.const:.string)
                 [ 000057fc ]  00002bfe          *   0000000c   rts55x.lib : _printfi.obj (.const)
                 [ 00005814 ]  00002c0a          *   00000008              : divd.obj (.const:_initial_approx$1)
                 [ 00005824 ]  00002c12          *   00000002              : fputs.obj (.const:.string)
                 [ 00005828 ]  00002c14          *   00000002              : fltlid.obj (.const)

.text        0     00020000  [ 00010000 ] 00004072          *   
                   00020000  [ 00010000 ] 000015a4          *   rts55x.lib : _printfi.obj (.text)
                   000215a4  [ 00010ad2 ] 00000543          *              : lowlev.obj (.text)
                   00021ae7  [ 00010d73+] 00000528          *              : trgdrv.obj (.text)
                   0002200f  [ 00011007+] 000004b5          *              : memory.obj (.text)
                   000224c4  [ 00011262 ] 000003cc          *              : divd.obj (.text)
                   00022890  [ 00011448 ] 0000027f          *              : fopen.obj (.text)
                   00022b0f  [ 00011587+] 0000025e          *              : llmpy.obj (.text)
                   00022d6d  [ 000116b6+] 0000025a          *              : addd.obj (.text)
                   00022fc7  [ 000117e3+] 000001ea          *              : cmpd.obj (.text)
                   000231b1  [ 000118d8+] 00000163          *              : fputs.obj (.text)
                   00023314  [ 0001198a ] 0000014c          *              : mpyd.obj (.text)
                   00023460  [ 00011a30 ] 000000e6          *              : setvbuf.obj (.text)
                   00023546  [ 00011aa3 ] 000000dd          *              : _io_perm.obj (.text)
                   00023623  [ 00011b11+] 000000c2          *              : fflush.obj (.text)
                   000236e5  [ 00011b72+] 000000ba          *              : trgmsg.obj (.text:CIO_breakpoint)
                   0002379f  [ 00011bcf+] 000000a6          *              : fputc.obj (.text)
                   00023845  [ 00011c22+] 000000a1          *              : divul.obj (.text)
                   000238e6  [ 00011c73 ] 0000007d          *              : ltoa.obj (.text)
                   00023963  [ 00011cb1+] 0000007b          *              : fclose.obj (.text)
                   000239de  [ 00011cef ] 00000076          *              : frcmpyd.obj (.text)
                   00023a54  [ 00011d2a ] 00000073          *              : frcmpyd_div.obj (.text)
                   00023ac7  [ 00011d63+] 00000072          *              : remul.obj (.text)
                   00023b39  [ 00011d9c+] 0000006f          *              : fixdli.obj (.text)
                   00023ba8  [ 00011dd4 ] 0000006d          *              : trgmsg.obj (.text)
                   00023c15  [ 00011e0a+] 0000006b          *              : fseek.obj (.text)
                   00023c80  [ 00011e40 ] 00000067          *              : fltlid.obj (.text)
                   00023ce7  [ 00011e73+] 0000005c          *              : atoi.obj (.text)
                   00023d43  [ 00011ea1+] 00000050          *              : printf.obj (.text)
                   00023d93  [ 00011ec9+] 0000004d          *              : autoinit.obj (.text)
                   00023de0  [ 00011ef0 ] 0000004b          *              : args_main.obj (.text)
                   00023e2b  [ 00011f15+] 0000004b          *              : remli.obj (.text)
                   00023e76  [ 00011f3b ] 00000048          *              : divli.obj (.text)
                   00023ebe  [ 00011f5f ] 0000003f          *              : memcpy.obj (.text)
                   00023efd  [ 00011f7e+] 0000003e          *              : exit.obj (.text)
                   00023f3b  [ 00011f9d+] 00000034          *              : boot.obj (.text)
                   00023f6f  [ 00011fb7+] 0000002a          *              : fixdi.obj (.text)
                   00023f99  [ 00011fcc+] 0000002a          *              : udiv.obj (.text)
                   00023fc3  [ 00011fe1+] 00000023          *              : memccpy.obj (.text)
                   00023fe6  [ 00011ff3 ] 0000001a          *              : isinf.obj (.text)
                   00024000  [ 00012000 ] 00000015          *   main.obj (.text)
                   00024015  [ 0001200a+] 00000014          *   rts55x.lib : subd.obj (.text)
                   00024029  [ 00012014+] 00000013          *              : lmpy.obj (.text)
                   0002403c  [ 0001201e ] 00000012          *              : _lock.obj (.text)
                   0002404e  [ 00012027 ] 00000010          *              : negd.obj (.text)
                   0002405e  [ 0001202f ] 0000000a          *              : remove.obj (.text)
                   00024068  [ 00012034 ] 00000007          *              : exit.obj (.text:CIO_breakpoint)
                   0002406f  [ 00012037+] 00000002          *              : vectors.obj (.text)
                   00024071  [ 00012038 ] 00000001          *   --HOLE-- [fill = 20]

.cio         0   [ 00040000 ]  00020000          *   00000120   UNINITIALIZED
                 [ 00040000 ]  00020000          *   00000120   rts55x.lib : trgmsg.obj (.cio)

.cinit       0   [ 00040240 ]  00020120          *   00000074   
                 [ 00040240 ]  00020120          *   0000002d   rts55x.lib : lowlev.obj (.cinit)
                 [ 0004029a ]  0002014d          *   0000002a              : defs.obj (.cinit)
                 [ 000402ee ]  00020177          *   0000000a              : _lock.obj (.cinit)
                 [ 00040302 ]  00020181          *   0000000a              : exit.obj (.cinit)
                 [ 00040316 ]  0002018b          *   00000004              : fopen.obj (.cinit)
                 [ 0004031e ]  0002018f          *   00000004              : memory.obj (.cinit)
                 [ 00040326 ]  00020193          *   00000001   --HOLE-- [fill = 0]

vectors      0     0004fe00  [ 00027f00 ] 00000100          *   
                   0004fe00  [ 00027f00 ] 00000100          *   rts55x.lib : vectors.obj (vectors)


GLOBAL SYMBOLS: SORTED ALPHABETICALLY BY Name 

abs. value/
byte addr   word addr   name
---------   ---------   ----
00000002                $TI_capability$C5500$CallingConvention
00000002                $TI_capability$C5500$MemoryModel
00000001                $TI_capability_requires_rev3
ffffffff                .bss
ffffffff                .data
ffffffff                .text
00024069                C$$EXIT
0002379a                C$$IO$$
00024029                I$$LMPY
00023f99                I$$UDIV
00023fae                I$$UMOD
00021fb1                _HOSTclock
00021f46                _HOSTclose
00021e91                _HOSTlseek
00021df2                _HOSTopen
00021d65                _HOSTread
00021cb7                _HOSTrename
00021c59                _HOSTtime
00021bef                _HOSTunlink
00021b62                _HOSTwrite
0004fe00                _Reset
            00020000    __CIOBUF_
            00001060    __STACK_END
00002000                __STACK_SIZE
00002000                __SYSMEM_SIZE
00001000                __SYSSTACK_SIZE
00000001                __TI_args_main
ffffffff                ___binit__
ffffffff                ___bss__
ffffffff                ___c_args__
            00020120    ___cinit__
ffffffff                ___data__
ffffffff                ___edata__
ffffffff                ___end__
ffffffff                ___etext__
00023fe6                ___isinf
ffffffff                ___pinit__
ffffffff                ___text__
00022d6d                __addd
00023de0                __args_main
000229b1                __cleanup
            00002ac6    __cleanup_ptr
00023159                __cmpd
            00002aca    __ctypes_
000224c4                __divd
00023e76                __divli
00022d38                __divlli
00023f99                __divu
00023845                __divul
00022c44                __divull
00023623                __doflush
            00002ac8    __dtors_ptr
00023125                __eqld
00023f6f                __fixdi
00023b39                __fixdli
00023c80                __fltlid
000239de                __frcmpyd
00023a54                __frcmpyd_div
            00002978    __ft_end
            00002860    __ftable
000230db                __geqd
00023090                __gtrd
00023043                __leqd
            00002ac2    __lock
00022ffb                __lssd
00023314                __mpyd
00024029                __mpyli
00022b8c                __mpylli
0002404e                __negd
00022fc7                __neqd
0002404c                __nop
00021362                __printfi
000235c6                __rd_ok
00024044                __register_lock
0002403c                __register_unlock
00023e2b                __remli
00022b5d                __remlli
00023fae                __remu
00023ac7                __remul
00022b0f                __remull
            00000060    __stack
00024015                __subd
            00001860    __sys_memory
            00001060    __sysstack
            000028d8    __tmpnams
            00002ac4    __unlock
00023546                __wrt_ok
00024068                _abort
000219f7                _add_device
00023ce7                _atoi
00023d93                _auto_init
00023f3b                _c_int00
0002249e                _calloc
00022496                _chkheap
00021984                _close
00023efd                _exit
00023963                _fclose
0002368c                _fflush
0002197b                _find_registered_device
00022ad4                _fopen
0002379f                _fputc
000231b1                _fputs
0002200f                _free
00022440                _free_memory
00022a0b                _freopen
00023c15                _fseek
00021ae7                _getenv
00021915                _lseek
000238e6                _ltoa
00024000                _main
00022140                _malloc
000223e6                _max_free
00023fc3                _memccpy
00023ebe                _memcpy
000220db                _minit
00021856                _open
00023d43                _printf
0002379f                _putc
00023836                _putchar
000232e6                _puts
000217a8                _read
00023ba8                _readmsg
00022235                _realloc
0002405e                _remove
00021772                _remove_device
00021719                _rename
00023460                _setvbuf
000216e6                _unlink
000215a4                _write
000236e5                _writemsg
ffffffff                binit
            00020120    cinit
ffffffff                edata
ffffffff                end
ffffffff                etext
ffffffff                pinit


GLOBAL SYMBOLS: SORTED BY Symbol Address 

abs. value/
byte addr   word addr   name
---------   ---------   ----
00000001                $TI_capability_requires_rev3
00000001                __TI_args_main
00000002                $TI_capability$C5500$CallingConvention
00000002                $TI_capability$C5500$MemoryModel
            00000060    __stack
00001000                __SYSSTACK_SIZE
00002000                __STACK_SIZE
00002000                __SYSMEM_SIZE
            00001060    __STACK_END
            00001060    __sysstack
            00001860    __sys_memory
            00002860    __ftable
            000028d8    __tmpnams
            00002978    __ft_end
            00002ac2    __lock
            00002ac4    __unlock
            00002ac6    __cleanup_ptr
            00002ac8    __dtors_ptr
            00002aca    __ctypes_
00021362                __printfi
000215a4                _write
000216e6                _unlink
00021719                _rename
00021772                _remove_device
000217a8                _read
00021856                _open
00021915                _lseek
0002197b                _find_registered_device
00021984                _close
000219f7                _add_device
00021ae7                _getenv
00021b62                _HOSTwrite
00021bef                _HOSTunlink
00021c59                _HOSTtime
00021cb7                _HOSTrename
00021d65                _HOSTread
00021df2                _HOSTopen
00021e91                _HOSTlseek
00021f46                _HOSTclose
00021fb1                _HOSTclock
0002200f                _free
000220db                _minit
00022140                _malloc
00022235                _realloc
000223e6                _max_free
00022440                _free_memory
00022496                _chkheap
0002249e                _calloc
000224c4                __divd
000229b1                __cleanup
00022a0b                _freopen
00022ad4                _fopen
00022b0f                __remull
00022b5d                __remlli
00022b8c                __mpylli
00022c44                __divull
00022d38                __divlli
00022d6d                __addd
00022fc7                __neqd
00022ffb                __lssd
00023043                __leqd
00023090                __gtrd
000230db                __geqd
00023125                __eqld
00023159                __cmpd
000231b1                _fputs
000232e6                _puts
00023314                __mpyd
00023460                _setvbuf
00023546                __wrt_ok
000235c6                __rd_ok
00023623                __doflush
0002368c                _fflush
000236e5                _writemsg
0002379a                C$$IO$$
0002379f                _fputc
0002379f                _putc
00023836                _putchar
00023845                __divul
000238e6                _ltoa
00023963                _fclose
000239de                __frcmpyd
00023a54                __frcmpyd_div
00023ac7                __remul
00023b39                __fixdli
00023ba8                _readmsg
00023c15                _fseek
00023c80                __fltlid
00023ce7                _atoi
00023d43                _printf
00023d93                _auto_init
00023de0                __args_main
00023e2b                __remli
00023e76                __divli
00023ebe                _memcpy
00023efd                _exit
00023f3b                _c_int00
00023f6f                __fixdi
00023f99                I$$UDIV
00023f99                __divu
00023fae                I$$UMOD
00023fae                __remu
00023fc3                _memccpy
00023fe6                ___isinf
00024000                _main
00024015                __subd
00024029                I$$LMPY
00024029                __mpyli
0002403c                __register_unlock
00024044                __register_lock
0002404c                __nop
0002404e                __negd
0002405e                _remove
00024068                _abort
00024069                C$$EXIT
            00020000    __CIOBUF_
            00020120    ___cinit__
            00020120    cinit
0004fe00                _Reset
ffffffff                .bss
ffffffff                .data
ffffffff                .text
ffffffff                ___binit__
ffffffff                ___bss__
ffffffff                ___c_args__
ffffffff                ___data__
ffffffff                ___edata__
ffffffff                ___end__
ffffffff                ___etext__
ffffffff                ___pinit__
ffffffff                ___text__
ffffffff                binit
ffffffff                edata
ffffffff                end
ffffffff                etext
ffffffff                pinit

[136 symbols]
