******************************************************************************
              TMS320C55x Linker Unix v4.4.1                    
******************************************************************************
>> Linked Fri Sep 30 10:23:58 2022

OUTPUT FILE NAME:   <xLED.out>
ENTRY POINT SYMBOL: "_c_int00"  address: 0002431d


MEMORY CONFIGURATION

         name            origin    length      used     unused   attr    fill
                        (bytes)   (bytes)    (bytes)   (bytes)
----------------------  --------  ---------  --------  --------  ----  --------
PAGE 0:
  MMR                   00000000   000000c0  00000000  000000c0  RWIX
  DARAM0                000000c0   0000ff40  000057bc  0000a784  RWIX
  SARAM0                00010000   00010000  00000000  00010000  RWIX
  SARAM1                00020000   00020000  0000444d  0001bbb3  RWIX
  SARAM2                00040000   0000fe00  00000328  0000fad8  RWIX
  VECS                  0004fe00   00000200  00000100  00000100  RWIX
  PDROM                 00ff8000   00008000  00000000  00008000  R IX

PAGE 2:
  IOPORT                00000000   00020000  00000000  00020000  RWI 


SECTION ALLOCATION MAP
(Addresses surrounded by []'s are displayed for convenience only!)

output                                                          attributes/
section   page  orgn(bytes) orgn(words) len(bytes) len(words)   input sections
--------  ----  ----------- ----------- ---------- ----------   --------------
.pinit       0   [ 00040000 ]  00020000          *   00000000   UNINITIALIZED

.stack       0   [ 000000c0 ]  00000060          *   00001000   UNINITIALIZED
                 [ 000000c0 ]  00000060          *   00001000   --HOLE--

.data        0   [ 000000c0 ]  00000060          *   00000000   UNINITIALIZED

.sysstack 
*            0   [ 000020c0 ]  00001060          *   00000800   UNINITIALIZED
                 [ 000020c0 ]  00001060          *   00000800   --HOLE--

.sysmem      0   [ 000030c0 ]  00001860          *   00001000   UNINITIALIZED
                 [ 000030c0 ]  00001860          *   00001000   --HOLE--

.bss.1       0   [ 000050c0 ]  00002860          *   0000025b   UNINITIALIZED
                 [ 000050c0 ]  00002860          *   00000119   rts55x.lib : defs.obj (.bss)
                 [ 000052f2 ]  00002979          *   000000d0              : trgdrv.obj (.bss)
                 [ 00005492 ]  00002a49          *   00000001              : fopen.obj (.bss)
                 [ 00005494 ]  00002a4a          *   00000071              : lowlev.obj (.bss)

.bss.2       0   [ 00005578 ]  00002abc          *   0000000e   UNINITIALIZED
                 [ 00005578 ]  00002abc          *   00000006   rts55x.lib : memory.obj (.bss)
                 [ 00005584 ]  00002ac2          *   00000004              : _lock.obj (.bss)
                 [ 0000558c ]  00002ac6          *   00000004              : exit.obj (.bss)

.const.1     0   [ 00005594 ]  00002aca          *   00000101   
                 [ 00005594 ]  00002aca          *   00000101   rts55x.lib : ctype.obj (.const:__ctypes_)

.const.2     0   [ 00005798 ]  00002bcc          *   00000074   
                 [ 00005798 ]  00002bcc          *   00000038   led_test.obj (.const:.string)
                 [ 00005808 ]  00002c04          *   00000024   rts55x.lib : _printfi.obj (.const:.string)
                 [ 00005850 ]  00002c28          *   0000000c              : _printfi.obj (.const)
                 [ 00005868 ]  00002c34          *   00000008              : divd.obj (.const:_initial_approx$1)
                 [ 00005878 ]  00002c3c          *   00000002              : fputs.obj (.const:.string)
                 [ 0000587c ]  00002c3e          *   00000002              : fltlid.obj (.const)

.text        0     00020000  [ 00010000 ] 0000444d          *   
                   00020000  [ 00010000 ] 000015a4          *   rts55x.lib : _printfi.obj (.text)
                   000215a4  [ 00010ad2 ] 00000543          *              : lowlev.obj (.text)
                   00021ae7  [ 00010d73+] 00000528          *              : trgdrv.obj (.text)
                   0002200f  [ 00011007+] 000004b5          *              : memory.obj (.text)
                   000224c4  [ 00011262 ] 000003cc          *              : divd.obj (.text)
                   00022890  [ 00011448 ] 0000027f          *              : fopen.obj (.text)
                   00022b0f  [ 00011587+] 0000025e          *              : llmpy.obj (.text)
                   00022d6d  [ 000116b6+] 0000025a          *              : addd.obj (.text)
                   00022fc7  [ 000117e3+] 000001ea          *              : cmpd.obj (.text)
                   000231b1  [ 000118d8+] 000001c9          *   usbstk5515bsl.lib : usbstk5515_led.obj (.text)
                   0002337a  [ 000119bd ] 00000163          *   rts55x.lib : fputs.obj (.text)
                   000234dd  [ 00011a6e+] 00000156          *   usbstk5515bsl.lib : usbstk5515_gpio.obj (.text)
                   00023633  [ 00011b19+] 0000014c          *   rts55x.lib : mpyd.obj (.text)
                   0002377f  [ 00011bbf+] 000000e6          *              : setvbuf.obj (.text)
                   00023865  [ 00011c32+] 000000dd          *              : _io_perm.obj (.text)
                   00023942  [ 00011ca1 ] 000000c2          *              : fflush.obj (.text)
                   00023a04  [ 00011d02 ] 000000ba          *              : trgmsg.obj (.text:CIO_breakpoint)
                   00023abe  [ 00011d5f ] 000000a6          *              : fputc.obj (.text)
                   00023b64  [ 00011db2 ] 000000a1          *              : divul.obj (.text)
                   00023c05  [ 00011e02+] 0000007d          *              : ltoa.obj (.text)
                   00023c82  [ 00011e41 ] 0000007b          *              : fclose.obj (.text)
                   00023cfd  [ 00011e7e+] 00000076          *              : frcmpyd.obj (.text)
                   00023d73  [ 00011eb9+] 00000073          *              : frcmpyd_div.obj (.text)
                   00023de6  [ 00011ef3 ] 00000072          *              : remul.obj (.text)
                   00023e58  [ 00011f2c ] 0000006f          *   led_test.obj (.text)
                   00023ec7  [ 00011f63+] 0000006f          *   rts55x.lib : fixdli.obj (.text)
                   00023f36  [ 00011f9b ] 0000006d          *              : trgmsg.obj (.text)
                   00023fa3  [ 00011fd1+] 0000006b          *              : fseek.obj (.text)
                   0002400e  [ 00012007 ] 00000067          *              : fltlid.obj (.text)
                   00024075  [ 0001203a+] 0000005c          *              : atoi.obj (.text)
                   000240d1  [ 00012068+] 00000054          *   usbstk5515bsl.lib : usbstk5515.obj (.text)
                   00024125  [ 00012092+] 00000050          *   rts55x.lib : printf.obj (.text)
                   00024175  [ 000120ba+] 0000004d          *              : autoinit.obj (.text)
                   000241c2  [ 000120e1 ] 0000004b          *              : args_main.obj (.text)
                   0002420d  [ 00012106+] 0000004b          *              : remli.obj (.text)
                   00024258  [ 0001212c ] 00000048          *              : divli.obj (.text)
                   000242a0  [ 00012150 ] 0000003f          *              : memcpy.obj (.text)
                   000242df  [ 0001216f+] 0000003e          *              : exit.obj (.text)
                   0002431d  [ 0001218e+] 00000034          *              : boot.obj (.text)
                   00024351  [ 000121a8+] 0000002a          *              : fixdi.obj (.text)
                   0002437b  [ 000121bd+] 0000002a          *              : udiv.obj (.text)
                   000243a5  [ 000121d2+] 00000023          *              : memccpy.obj (.text)
                   000243c8  [ 000121e4 ] 0000001a          *              : isinf.obj (.text)
                   000243e2  [ 000121f1 ] 00000014          *              : subd.obj (.text)
                   000243f6  [ 000121fb ] 00000013          *              : lmpy.obj (.text)
                   00024409  [ 00012204+] 00000012          *              : _lock.obj (.text)
                   0002441b  [ 0001220d+] 00000010          *              : negd.obj (.text)
                   0002442b  [ 00012215+] 0000000e          *   main.obj (.text)
                   00024439  [ 0001221c+] 0000000a          *   rts55x.lib : remove.obj (.text)
                   00024443  [ 00012221+] 00000007          *              : exit.obj (.text:CIO_breakpoint)
                   0002444a  [ 00012225 ] 00000002          *              : vectors.obj (.text)
                   0002444c  [ 00012226 ] 00000001          *   --HOLE-- [fill = 20]

.cio         0   [ 00040000 ]  00020000          *   00000120   UNINITIALIZED
                 [ 00040000 ]  00020000          *   00000120   rts55x.lib : trgmsg.obj (.cio)

.cinit       0   [ 00040240 ]  00020120          *   00000074   
                 [ 00040240 ]  00020120          *   0000002d   rts55x.lib : lowlev.obj (.cinit)
                 [ 0004029a ]  0002014d          *   0000002a              : defs.obj (.cinit)
                 [ 000402ee ]  00020177          *   0000000a              : _lock.obj (.cinit)
                 [ 00040302 ]  00020181          *   0000000a              : exit.obj (.cinit)
                 [ 00040316 ]  0002018b          *   00000004              : fopen.obj (.cinit)
                 [ 0004031e ]  0002018f          *   00000004              : memory.obj (.cinit)
                 [ 00040326 ]  00020193          *   00000001   --HOLE-- [fill = 0]

vectors      0     0004fe00  [ 00027f00 ] 00000100          *   
                   0004fe00  [ 00027f00 ] 00000100          *   rts55x.lib : vectors.obj (vectors)


GLOBAL SYMBOLS: SORTED ALPHABETICALLY BY Name 

abs. value/
byte addr   word addr   name
---------   ---------   ----
00000002                $TI_capability$C5500$CallingConvention
00000002                $TI_capability$C5500$MemoryModel
00000001                $TI_capability_requires_rev3
ffffffff                .bss
ffffffff                .data
ffffffff                .text
00024444                C$$EXIT
00023ab9                C$$IO$$
000243f6                I$$LMPY
0002437b                I$$UDIV
00024390                I$$UMOD
00021fb1                _HOSTclock
00021f46                _HOSTclose
00021e91                _HOSTlseek
00021df2                _HOSTopen
00021d65                _HOSTread
00021cb7                _HOSTrename
00021c59                _HOSTtime
00021bef                _HOSTunlink
00021b62                _HOSTwrite
0004fe00                _Reset
000235db                _USBSTK5515_GPIO_getInput
000234dd                _USBSTK5515_GPIO_init
000234e1                _USBSTK5515_GPIO_setDirection
0002355e                _USBSTK5515_GPIO_setOutput
000231b1                _USBSTK5515_LED_init
000231cd                _USBSTK5515_LED_off
000231bc                _USBSTK5515_LED_on
0002320d                _USBSTK5515_ULED_getall
000231de                _USBSTK5515_ULED_init
00023302                _USBSTK5515_ULED_off
000232cd                _USBSTK5515_ULED_on
0002325f                _USBSTK5515_ULED_setall
00023335                _USBSTK5515_ULED_toggle
00024117                _USBSTK5515_init
000240d1                _USBSTK5515_wait
00024105                _USBSTK5515_waitusec
            00020000    __CIOBUF_
            00001060    __STACK_END
00002000                __STACK_SIZE
00002000                __SYSMEM_SIZE
00001000                __SYSSTACK_SIZE
00000001                __TI_args_main
ffffffff                ___binit__
ffffffff                ___bss__
ffffffff                ___c_args__
            00020120    ___cinit__
ffffffff                ___data__
ffffffff                ___edata__
ffffffff                ___end__
ffffffff                ___etext__
000243c8                ___isinf
ffffffff                ___pinit__
ffffffff                ___text__
00022d6d                __addd
000241c2                __args_main
000229b1                __cleanup
            00002ac6    __cleanup_ptr
00023159                __cmpd
            00002aca    __ctypes_
000224c4                __divd
00024258                __divli
00022d38                __divlli
0002437b                __divu
00023b64                __divul
00022c44                __divull
00023942                __doflush
            00002ac8    __dtors_ptr
00023125                __eqld
00024351                __fixdi
00023ec7                __fixdli
0002400e                __fltlid
00023cfd                __frcmpyd
00023d73                __frcmpyd_div
            00002978    __ft_end
            00002860    __ftable
000230db                __geqd
00023090                __gtrd
00023043                __leqd
            00002ac2    __lock
00022ffb                __lssd
00023633                __mpyd
000243f6                __mpyli
00022b8c                __mpylli
0002441b                __negd
00022fc7                __neqd
00024419                __nop
00021362                __printfi
000238e5                __rd_ok
00024411                __register_lock
00024409                __register_unlock
0002420d                __remli
00022b5d                __remlli
00024390                __remu
00023de6                __remul
00022b0f                __remull
            00000060    __stack
000243e2                __subd
            00001860    __sys_memory
            00001060    __sysstack
            000028d8    __tmpnams
            00002ac4    __unlock
00023865                __wrt_ok
00024443                _abort
000219f7                _add_device
00024075                _atoi
00024175                _auto_init
0002431d                _c_int00
0002249e                _calloc
00022496                _chkheap
00021984                _close
000242df                _exit
00023c82                _fclose
000239ab                _fflush
0002197b                _find_registered_device
00022ad4                _fopen
00023abe                _fputc
0002337a                _fputs
0002200f                _free
00022440                _free_memory
00022a0b                _freopen
00023fa3                _fseek
00021ae7                _getenv
00023e58                _led_test
00021915                _lseek
00023c05                _ltoa
0002442b                _main
00022140                _malloc
000223e6                _max_free
000243a5                _memccpy
000242a0                _memcpy
000220db                _minit
00021856                _open
00024125                _printf
00023abe                _putc
00023b55                _putchar
000234af                _puts
000217a8                _read
00023f36                _readmsg
00022235                _realloc
00024439                _remove
00021772                _remove_device
00021719                _rename
0002377f                _setvbuf
000216e6                _unlink
000215a4                _write
00023a04                _writemsg
ffffffff                binit
            00020120    cinit
ffffffff                edata
ffffffff                end
ffffffff                etext
ffffffff                pinit


GLOBAL SYMBOLS: SORTED BY Symbol Address 

abs. value/
byte addr   word addr   name
---------   ---------   ----
00000001                $TI_capability_requires_rev3
00000001                __TI_args_main
00000002                $TI_capability$C5500$CallingConvention
00000002                $TI_capability$C5500$MemoryModel
            00000060    __stack
00001000                __SYSSTACK_SIZE
00002000                __STACK_SIZE
00002000                __SYSMEM_SIZE
            00001060    __STACK_END
            00001060    __sysstack
            00001860    __sys_memory
            00002860    __ftable
            000028d8    __tmpnams
            00002978    __ft_end
            00002ac2    __lock
            00002ac4    __unlock
            00002ac6    __cleanup_ptr
            00002ac8    __dtors_ptr
            00002aca    __ctypes_
00021362                __printfi
000215a4                _write
000216e6                _unlink
00021719                _rename
00021772                _remove_device
000217a8                _read
00021856                _open
00021915                _lseek
0002197b                _find_registered_device
00021984                _close
000219f7                _add_device
00021ae7                _getenv
00021b62                _HOSTwrite
00021bef                _HOSTunlink
00021c59                _HOSTtime
00021cb7                _HOSTrename
00021d65                _HOSTread
00021df2                _HOSTopen
00021e91                _HOSTlseek
00021f46                _HOSTclose
00021fb1                _HOSTclock
0002200f                _free
000220db                _minit
00022140                _malloc
00022235                _realloc
000223e6                _max_free
00022440                _free_memory
00022496                _chkheap
0002249e                _calloc
000224c4                __divd
000229b1                __cleanup
00022a0b                _freopen
00022ad4                _fopen
00022b0f                __remull
00022b5d                __remlli
00022b8c                __mpylli
00022c44                __divull
00022d38                __divlli
00022d6d                __addd
00022fc7                __neqd
00022ffb                __lssd
00023043                __leqd
00023090                __gtrd
000230db                __geqd
00023125                __eqld
00023159                __cmpd
000231b1                _USBSTK5515_LED_init
000231bc                _USBSTK5515_LED_on
000231cd                _USBSTK5515_LED_off
000231de                _USBSTK5515_ULED_init
0002320d                _USBSTK5515_ULED_getall
0002325f                _USBSTK5515_ULED_setall
000232cd                _USBSTK5515_ULED_on
00023302                _USBSTK5515_ULED_off
00023335                _USBSTK5515_ULED_toggle
0002337a                _fputs
000234af                _puts
000234dd                _USBSTK5515_GPIO_init
000234e1                _USBSTK5515_GPIO_setDirection
0002355e                _USBSTK5515_GPIO_setOutput
000235db                _USBSTK5515_GPIO_getInput
00023633                __mpyd
0002377f                _setvbuf
00023865                __wrt_ok
000238e5                __rd_ok
00023942                __doflush
000239ab                _fflush
00023a04                _writemsg
00023ab9                C$$IO$$
00023abe                _fputc
00023abe                _putc
00023b55                _putchar
00023b64                __divul
00023c05                _ltoa
00023c82                _fclose
00023cfd                __frcmpyd
00023d73                __frcmpyd_div
00023de6                __remul
00023e58                _led_test
00023ec7                __fixdli
00023f36                _readmsg
00023fa3                _fseek
0002400e                __fltlid
00024075                _atoi
000240d1                _USBSTK5515_wait
00024105                _USBSTK5515_waitusec
00024117                _USBSTK5515_init
00024125                _printf
00024175                _auto_init
000241c2                __args_main
0002420d                __remli
00024258                __divli
000242a0                _memcpy
000242df                _exit
0002431d                _c_int00
00024351                __fixdi
0002437b                I$$UDIV
0002437b                __divu
00024390                I$$UMOD
00024390                __remu
000243a5                _memccpy
000243c8                ___isinf
000243e2                __subd
000243f6                I$$LMPY
000243f6                __mpyli
00024409                __register_unlock
00024411                __register_lock
00024419                __nop
0002441b                __negd
0002442b                _main
00024439                _remove
00024443                _abort
00024444                C$$EXIT
            00020000    __CIOBUF_
            00020120    ___cinit__
            00020120    cinit
0004fe00                _Reset
ffffffff                .bss
ffffffff                .data
ffffffff                .text
ffffffff                ___binit__
ffffffff                ___bss__
ffffffff                ___c_args__
ffffffff                ___data__
ffffffff                ___edata__
ffffffff                ___end__
ffffffff                ___etext__
ffffffff                ___pinit__
ffffffff                ___text__
ffffffff                binit
ffffffff                edata
ffffffff                end
ffffffff                etext
ffffffff                pinit

[153 symbols]
