******************************************************************************
              TMS320C55x Linker Unix v4.4.1                    
******************************************************************************
>> Linked Fri Sep 30 10:56:46 2022

OUTPUT FILE NAME:   <uLED.out>
ENTRY POINT SYMBOL: "_c_int00"  address: 000243ab


MEMORY CONFIGURATION

         name            origin    length      used     unused   attr    fill
                        (bytes)   (bytes)    (bytes)   (bytes)
----------------------  --------  ---------  --------  --------  ----  --------
PAGE 0:
  MMR                   00000000   000000c0  00000000  000000c0  RWIX
  DARAM0                000000c0   0000ff40  000057ee  0000a752  RWIX
  SARAM0                00010000   00010000  00000000  00010000  RWIX
  SARAM1                00020000   00020000  000044ee  0001bb12  RWIX
  SARAM2                00040000   0000fe00  00000328  0000fad8  RWIX
  VECS                  0004fe00   00000200  00000100  00000100  RWIX
  PDROM                 00ff8000   00008000  00000000  00008000  R IX

PAGE 2:
  IOPORT                00000000   00020000  00000000  00020000  RWI 


SECTION ALLOCATION MAP
(Addresses surrounded by []'s are displayed for convenience only!)

output                                                          attributes/
section   page  orgn(bytes) orgn(words) len(bytes) len(words)   input sections
--------  ----  ----------- ----------- ---------- ----------   --------------
.pinit       0   [ 00040000 ]  00020000          *   00000000   UNINITIALIZED

.stack       0   [ 000000c0 ]  00000060          *   00001000   UNINITIALIZED
                 [ 000000c0 ]  00000060          *   00001000   --HOLE--

.data        0   [ 000000c0 ]  00000060          *   00000000   UNINITIALIZED

.sysstack 
*            0   [ 000020c0 ]  00001060          *   00000800   UNINITIALIZED
                 [ 000020c0 ]  00001060          *   00000800   --HOLE--

.sysmem      0   [ 000030c0 ]  00001860          *   00001000   UNINITIALIZED
                 [ 000030c0 ]  00001860          *   00001000   --HOLE--

.bss.1       0   [ 000050c0 ]  00002860          *   0000025b   UNINITIALIZED
                 [ 000050c0 ]  00002860          *   00000119   rts55x.lib : defs.obj (.bss)
                 [ 000052f2 ]  00002979          *   000000d0              : trgdrv.obj (.bss)
                 [ 00005492 ]  00002a49          *   00000001              : fopen.obj (.bss)
                 [ 00005494 ]  00002a4a          *   00000071              : lowlev.obj (.bss)

.bss.2       0   [ 00005578 ]  00002abc          *   0000000e   UNINITIALIZED
                 [ 00005578 ]  00002abc          *   00000006   rts55x.lib : memory.obj (.bss)
                 [ 00005584 ]  00002ac2          *   00000004              : _lock.obj (.bss)
                 [ 0000558c ]  00002ac6          *   00000004              : exit.obj (.bss)

.const.1     0   [ 00005594 ]  00002aca          *   00000101   
                 [ 00005594 ]  00002aca          *   00000101   rts55x.lib : ctype.obj (.const:__ctypes_)

.const.2     0   [ 00005798 ]  00002bcc          *   00000075   
                 [ 00005798 ]  00002bcc          *   00000040   uled_test.obj (.const:.string)
                 [ 00005818 ]  00002c0c          *   00000024   rts55x.lib : _printfi.obj (.const:.string)
                 [ 00005860 ]  00002c30          *   00000011   main.obj (.const:.string)

.const.3     0   [ 00005884 ]  00002c42          *   00000018   
                 [ 00005884 ]  00002c42          *   0000000c   rts55x.lib : _printfi.obj (.const)
                 [ 0000589c ]  00002c4e          *   00000008              : divd.obj (.const:_initial_approx$1)
                 [ 000058ac ]  00002c56          *   00000002              : fputs.obj (.const:.string)
                 [ 000058b0 ]  00002c58          *   00000002              : fltlid.obj (.const)

.text        0     00020000  [ 00010000 ] 000044ee          *   
                   00020000  [ 00010000 ] 000015a4          *   rts55x.lib : _printfi.obj (.text)
                   000215a4  [ 00010ad2 ] 00000543          *              : lowlev.obj (.text)
                   00021ae7  [ 00010d73+] 00000528          *              : trgdrv.obj (.text)
                   0002200f  [ 00011007+] 000004b5          *              : memory.obj (.text)
                   000224c4  [ 00011262 ] 000003cc          *              : divd.obj (.text)
                   00022890  [ 00011448 ] 0000027f          *              : fopen.obj (.text)
                   00022b0f  [ 00011587+] 0000025e          *              : llmpy.obj (.text)
                   00022d6d  [ 000116b6+] 0000025a          *              : addd.obj (.text)
                   00022fc7  [ 000117e3+] 000001ea          *              : cmpd.obj (.text)
                   000231b1  [ 000118d8+] 000001c9          *   usbstk5515bsl.lib : usbstk5515_led.obj (.text)
                   0002337a  [ 000119bd ] 00000163          *   rts55x.lib : fputs.obj (.text)
                   000234dd  [ 00011a6e+] 00000156          *   usbstk5515bsl.lib : usbstk5515_gpio.obj (.text)
                   00023633  [ 00011b19+] 0000014c          *   rts55x.lib : mpyd.obj (.text)
                   0002377f  [ 00011bbf+] 000000fd          *   uled_test.obj (.text)
                   0002387c  [ 00011c3e ] 000000e6          *   rts55x.lib : setvbuf.obj (.text)
                   00023962  [ 00011cb1 ] 000000dd          *              : _io_perm.obj (.text)
                   00023a3f  [ 00011d1f+] 000000c2          *              : fflush.obj (.text)
                   00023b01  [ 00011d80+] 000000ba          *              : trgmsg.obj (.text:CIO_breakpoint)
                   00023bbb  [ 00011ddd+] 000000a6          *              : fputc.obj (.text)
                   00023c61  [ 00011e30+] 000000a1          *              : divul.obj (.text)
                   00023d02  [ 00011e81 ] 0000007d          *              : ltoa.obj (.text)
                   00023d7f  [ 00011ebf+] 0000007b          *              : fclose.obj (.text)
                   00023dfa  [ 00011efd ] 00000076          *              : frcmpyd.obj (.text)
                   00023e70  [ 00011f38 ] 00000073          *              : frcmpyd_div.obj (.text)
                   00023ee3  [ 00011f71+] 00000072          *              : remul.obj (.text)
                   00023f55  [ 00011faa+] 0000006f          *              : fixdli.obj (.text)
                   00023fc4  [ 00011fe2 ] 0000006d          *              : trgmsg.obj (.text)
                   00024031  [ 00012018+] 0000006b          *              : fseek.obj (.text)
                   0002409c  [ 0001204e ] 00000067          *              : fltlid.obj (.text)
                   00024103  [ 00012081+] 0000005c          *              : atoi.obj (.text)
                   0002415f  [ 000120af+] 00000054          *   usbstk5515bsl.lib : usbstk5515.obj (.text)
                   000241b3  [ 000120d9+] 00000050          *   rts55x.lib : printf.obj (.text)
                   00024203  [ 00012101+] 0000004d          *              : autoinit.obj (.text)
                   00024250  [ 00012128 ] 0000004b          *              : args_main.obj (.text)
                   0002429b  [ 0001214d+] 0000004b          *              : remli.obj (.text)
                   000242e6  [ 00012173 ] 00000048          *              : divli.obj (.text)
                   0002432e  [ 00012197 ] 0000003f          *              : memcpy.obj (.text)
                   0002436d  [ 000121b6+] 0000003e          *              : exit.obj (.text)
                   000243ab  [ 000121d5+] 00000034          *              : boot.obj (.text)
                   000243df  [ 000121ef+] 0000002a          *              : fixdi.obj (.text)
                   00024409  [ 00012204+] 0000002a          *              : udiv.obj (.text)
                   00024433  [ 00012219+] 00000023          *              : memccpy.obj (.text)
                   00024456  [ 0001222b ] 00000021          *   main.obj (.text)
                   00024477  [ 0001223b+] 0000001a          *   rts55x.lib : isinf.obj (.text)
                   00024491  [ 00012248+] 00000014          *              : subd.obj (.text)
                   000244a5  [ 00012252+] 00000013          *              : lmpy.obj (.text)
                   000244b8  [ 0001225c ] 00000012          *              : _lock.obj (.text)
                   000244ca  [ 00012265 ] 00000010          *              : negd.obj (.text)
                   000244da  [ 0001226d ] 0000000a          *              : remove.obj (.text)
                   000244e4  [ 00012272 ] 00000007          *              : exit.obj (.text:CIO_breakpoint)
                   000244eb  [ 00012275+] 00000002          *              : vectors.obj (.text)
                   000244ed  [ 00012276 ] 00000001          *   --HOLE-- [fill = 20]

.cio         0   [ 00040000 ]  00020000          *   00000120   UNINITIALIZED
                 [ 00040000 ]  00020000          *   00000120   rts55x.lib : trgmsg.obj (.cio)

.cinit       0   [ 00040240 ]  00020120          *   00000074   
                 [ 00040240 ]  00020120          *   0000002d   rts55x.lib : lowlev.obj (.cinit)
                 [ 0004029a ]  0002014d          *   0000002a              : defs.obj (.cinit)
                 [ 000402ee ]  00020177          *   0000000a              : _lock.obj (.cinit)
                 [ 00040302 ]  00020181          *   0000000a              : exit.obj (.cinit)
                 [ 00040316 ]  0002018b          *   00000004              : fopen.obj (.cinit)
                 [ 0004031e ]  0002018f          *   00000004              : memory.obj (.cinit)
                 [ 00040326 ]  00020193          *   00000001   --HOLE-- [fill = 0]

vectors      0     0004fe00  [ 00027f00 ] 00000100          *   
                   0004fe00  [ 00027f00 ] 00000100          *   rts55x.lib : vectors.obj (vectors)


GLOBAL SYMBOLS: SORTED ALPHABETICALLY BY Name 

abs. value/
byte addr   word addr   name
---------   ---------   ----
00000002                $TI_capability$C5500$CallingConvention
00000002                $TI_capability$C5500$MemoryModel
00000001                $TI_capability_requires_rev3
ffffffff                .bss
ffffffff                .data
ffffffff                .text
000244e5                C$$EXIT
00023bb6                C$$IO$$
000244a5                I$$LMPY
00024409                I$$UDIV
0002441e                I$$UMOD
00021fb1                _HOSTclock
00021f46                _HOSTclose
00021e91                _HOSTlseek
00021df2                _HOSTopen
00021d65                _HOSTread
00021cb7                _HOSTrename
00021c59                _HOSTtime
00021bef                _HOSTunlink
00021b62                _HOSTwrite
0004fe00                _Reset
000235db                _USBSTK5515_GPIO_getInput
000234dd                _USBSTK5515_GPIO_init
000234e1                _USBSTK5515_GPIO_setDirection
0002355e                _USBSTK5515_GPIO_setOutput
000231b1                _USBSTK5515_LED_init
000231cd                _USBSTK5515_LED_off
000231bc                _USBSTK5515_LED_on
0002320d                _USBSTK5515_ULED_getall
000231de                _USBSTK5515_ULED_init
00023302                _USBSTK5515_ULED_off
000232cd                _USBSTK5515_ULED_on
0002325f                _USBSTK5515_ULED_setall
00023335                _USBSTK5515_ULED_toggle
000241a5                _USBSTK5515_init
0002415f                _USBSTK5515_wait
00024193                _USBSTK5515_waitusec
            00020000    __CIOBUF_
            00001060    __STACK_END
00002000                __STACK_SIZE
00002000                __SYSMEM_SIZE
00001000                __SYSSTACK_SIZE
00000001                __TI_args_main
ffffffff                ___binit__
ffffffff                ___bss__
ffffffff                ___c_args__
            00020120    ___cinit__
ffffffff                ___data__
ffffffff                ___edata__
ffffffff                ___end__
ffffffff                ___etext__
00024477                ___isinf
ffffffff                ___pinit__
ffffffff                ___text__
00022d6d                __addd
00024250                __args_main
000229b1                __cleanup
            00002ac6    __cleanup_ptr
00023159                __cmpd
            00002aca    __ctypes_
000224c4                __divd
000242e6                __divli
00022d38                __divlli
00024409                __divu
00023c61                __divul
00022c44                __divull
00023a3f                __doflush
            00002ac8    __dtors_ptr
00023125                __eqld
000243df                __fixdi
00023f55                __fixdli
0002409c                __fltlid
00023dfa                __frcmpyd
00023e70                __frcmpyd_div
            00002978    __ft_end
            00002860    __ftable
000230db                __geqd
00023090                __gtrd
00023043                __leqd
            00002ac2    __lock
00022ffb                __lssd
00023633                __mpyd
000244a5                __mpyli
00022b8c                __mpylli
000244ca                __negd
00022fc7                __neqd
000244c8                __nop
00021362                __printfi
000239e2                __rd_ok
000244c0                __register_lock
000244b8                __register_unlock
0002429b                __remli
00022b5d                __remlli
0002441e                __remu
00023ee3                __remul
00022b0f                __remull
            00000060    __stack
00024491                __subd
            00001860    __sys_memory
            00001060    __sysstack
            000028d8    __tmpnams
            00002ac4    __unlock
00023962                __wrt_ok
000244e4                _abort
000219f7                _add_device
00024103                _atoi
00024203                _auto_init
000243ab                _c_int00
0002249e                _calloc
00022496                _chkheap
00021984                _close
0002436d                _exit
00023d7f                _fclose
00023aa8                _fflush
0002197b                _find_registered_device
00022ad4                _fopen
00023bbb                _fputc
0002337a                _fputs
0002200f                _free
00022440                _free_memory
00022a0b                _freopen
00024031                _fseek
00021ae7                _getenv
00021915                _lseek
00023d02                _ltoa
00024456                _main
00022140                _malloc
000223e6                _max_free
00024433                _memccpy
0002432e                _memcpy
000220db                _minit
00021856                _open
000241b3                _printf
00023bbb                _putc
00023c52                _putchar
000234af                _puts
000217a8                _read
00023fc4                _readmsg
00022235                _realloc
000244da                _remove
00021772                _remove_device
00021719                _rename
0002387c                _setvbuf
0002377f                _uled_test
000216e6                _unlink
000215a4                _write
00023b01                _writemsg
ffffffff                binit
            00020120    cinit
ffffffff                edata
ffffffff                end
ffffffff                etext
ffffffff                pinit


GLOBAL SYMBOLS: SORTED BY Symbol Address 

abs. value/
byte addr   word addr   name
---------   ---------   ----
00000001                $TI_capability_requires_rev3
00000001                __TI_args_main
00000002                $TI_capability$C5500$CallingConvention
00000002                $TI_capability$C5500$MemoryModel
            00000060    __stack
00001000                __SYSSTACK_SIZE
00002000                __STACK_SIZE
00002000                __SYSMEM_SIZE
            00001060    __STACK_END
            00001060    __sysstack
            00001860    __sys_memory
            00002860    __ftable
            000028d8    __tmpnams
            00002978    __ft_end
            00002ac2    __lock
            00002ac4    __unlock
            00002ac6    __cleanup_ptr
            00002ac8    __dtors_ptr
            00002aca    __ctypes_
00021362                __printfi
000215a4                _write
000216e6                _unlink
00021719                _rename
00021772                _remove_device
000217a8                _read
00021856                _open
00021915                _lseek
0002197b                _find_registered_device
00021984                _close
000219f7                _add_device
00021ae7                _getenv
00021b62                _HOSTwrite
00021bef                _HOSTunlink
00021c59                _HOSTtime
00021cb7                _HOSTrename
00021d65                _HOSTread
00021df2                _HOSTopen
00021e91                _HOSTlseek
00021f46                _HOSTclose
00021fb1                _HOSTclock
0002200f                _free
000220db                _minit
00022140                _malloc
00022235                _realloc
000223e6                _max_free
00022440                _free_memory
00022496                _chkheap
0002249e                _calloc
000224c4                __divd
000229b1                __cleanup
00022a0b                _freopen
00022ad4                _fopen
00022b0f                __remull
00022b5d                __remlli
00022b8c                __mpylli
00022c44                __divull
00022d38                __divlli
00022d6d                __addd
00022fc7                __neqd
00022ffb                __lssd
00023043                __leqd
00023090                __gtrd
000230db                __geqd
00023125                __eqld
00023159                __cmpd
000231b1                _USBSTK5515_LED_init
000231bc                _USBSTK5515_LED_on
000231cd                _USBSTK5515_LED_off
000231de                _USBSTK5515_ULED_init
0002320d                _USBSTK5515_ULED_getall
0002325f                _USBSTK5515_ULED_setall
000232cd                _USBSTK5515_ULED_on
00023302                _USBSTK5515_ULED_off
00023335                _USBSTK5515_ULED_toggle
0002337a                _fputs
000234af                _puts
000234dd                _USBSTK5515_GPIO_init
000234e1                _USBSTK5515_GPIO_setDirection
0002355e                _USBSTK5515_GPIO_setOutput
000235db                _USBSTK5515_GPIO_getInput
00023633                __mpyd
0002377f                _uled_test
0002387c                _setvbuf
00023962                __wrt_ok
000239e2                __rd_ok
00023a3f                __doflush
00023aa8                _fflush
00023b01                _writemsg
00023bb6                C$$IO$$
00023bbb                _fputc
00023bbb                _putc
00023c52                _putchar
00023c61                __divul
00023d02                _ltoa
00023d7f                _fclose
00023dfa                __frcmpyd
00023e70                __frcmpyd_div
00023ee3                __remul
00023f55                __fixdli
00023fc4                _readmsg
00024031                _fseek
0002409c                __fltlid
00024103                _atoi
0002415f                _USBSTK5515_wait
00024193                _USBSTK5515_waitusec
000241a5                _USBSTK5515_init
000241b3                _printf
00024203                _auto_init
00024250                __args_main
0002429b                __remli
000242e6                __divli
0002432e                _memcpy
0002436d                _exit
000243ab                _c_int00
000243df                __fixdi
00024409                I$$UDIV
00024409                __divu
0002441e                I$$UMOD
0002441e                __remu
00024433                _memccpy
00024456                _main
00024477                ___isinf
00024491                __subd
000244a5                I$$LMPY
000244a5                __mpyli
000244b8                __register_unlock
000244c0                __register_lock
000244c8                __nop
000244ca                __negd
000244da                _remove
000244e4                _abort
000244e5                C$$EXIT
            00020000    __CIOBUF_
            00020120    ___cinit__
            00020120    cinit
0004fe00                _Reset
ffffffff                .bss
ffffffff                .data
ffffffff                .text
ffffffff                ___binit__
ffffffff                ___bss__
ffffffff                ___c_args__
ffffffff                ___data__
ffffffff                ___edata__
ffffffff                ___end__
ffffffff                ___etext__
ffffffff                ___pinit__
ffffffff                ___text__
ffffffff                binit
ffffffff                edata
ffffffff                end
ffffffff                etext
ffffffff                pinit

[153 symbols]
